Microchip MPLAB XC8 Compiler V2.10 ()

Linker command line:

-W-3 --edf=C:\Program Files (x86)\Microchip\xc8\v2.10\pic\dat\en_msgs.txt \
  -cs -h+dist/default/production\LAB_3.X.production.sym \
  --cmf=dist/default/production\LAB_3.X.production.cmf -z -Q18F8722 \
  -oC:\Users\Dell\AppData\Local\Temp\s6m8.2 --defsym=__MPLAB_BUILD=1 \
  -Mdist/default/production/LAB_3.X.production.map -E1 -ver=XC8 \
  --acfsm=1493 -ASTACK=060h-0F5Fh -pstack=STACK -ACODE=00h-01FFFFh \
  -ACONST=00h-01FFFFh -ASMALLCONST=01000h-010FFhx496 \
  -AMEDIUMCONST=01000h-0FFFFh,011000h-01FFFFh -ACOMRAM=01h-05Fh \
  -AABS1=00h-0F5Fh -ABIGRAM=01h-0F5Fh \
  -ARAM=060h-0FFh,0100h-01FFhx14,0F00h-0F5Fh -ABANK0=060h-0FFh \
  -ABANK1=0100h-01FFh -ABANK2=0200h-02FFh -ABANK3=0300h-03FFh \
  -ABANK4=0400h-04FFh -ABANK5=0500h-05FFh -ABANK6=0600h-06FFh \
  -ABANK7=0700h-07FFh -ABANK8=0800h-08FFh -ABANK9=0900h-09FFh \
  -ABANK10=0A00h-0AFFh -ABANK11=0B00h-0BFFh -ABANK12=0C00h-0CFFh \
  -ABANK13=0D00h-0DFFh -ABANK14=0E00h-0EFFh -ABANK15=0F00h-0F5Fh \
  -ASFR=0F60h-0FFFh -preset_vec=00h,intcode=08h,intcodelo,powerup,init \
  -pramtop=01000h -psmallconst=SMALLCONST -pmediumconst=MEDIUMCONST \
  -pconst=CONST -AFARRAM=00h-00h -ACONFIG=0300000h-030000Dh -pconfig=CONFIG \
  -AIDLOC=0200000h-0200007h -pidloc=IDLOC -AEEDATA=0F00000h-0F003FFh \
  -peeprom_data=EEDATA \
  -prdata=COMRAM,nvrram=COMRAM,nvbit=COMRAM,rbss=COMRAM,rbit=COMRAM \
  -pfarbss=FARRAM,fardata=FARRAM,nvFARRAM=FARRAM \
  -pintsave_regs=BIGRAM,bigbss=BIGRAM,bigdata=BIGRAM -pbss=RAM \
  -pidata=CODE,irdata=CODE,ibigdata=CODE,ifardata=CODE -prparam=COMRAM \
  C:\Users\Dell\AppData\Local\Temp\s6m8.o \
  dist/default/production\LAB_3.X.production.o 

Object code version is 3.11

Machine type is 18F8722

Call graph: (short form)




                Name                               Link     Load   Length Selector   Space Scale
C:\Users\Dell\AppData\Local\Temp\s6m8.o
                init                                  E        E        4        4       0
                reset_vec                             0        0        4        0       0
                idloc                            200000   200000        8   200000       0
                config                           300000   300000        E   300000       0
dist/default/production\LAB_3.X.production.o
                intcode                               8        8        6        4       0
                temp                                 3D       3D        1        1       1
                smallconst                         1000     1000       5A      800       0
                text33                             2442     2442       64      82D       0
                text32                             2898     2898       1A      82D       0
                text31                             26E6     26E6       4C      82D       0
                text30                             269A     269A       4C      82D       0
                text29                             21BA     21BA       C4      82D       0
                text28                             232E     232E       B0      82D       0
                text27                             1702     1702      20E      82D       0
                text26                             1DCA     1DCA      134      82D       0
                text25                             27B6     27B6       3E      82D       0
                text24                             1C5E     1C5E      16C      82D       0
                text23                             28C4     28C4       12      82D       0
                text22                             287E     287E       1A      82D       0
                text21                             2504     2504       5E      82D       0
                text20                             129C     129C      242      82D       0
                text19                             1AC4     1AC4      19A      82D       0
                text18                             2732     2732       46      82D       0
                text17                             25B2     25B2       50      82D       0
                text16                             2562     2562       50      82D       0
                text15                             202C     202C       CA      82D       0
                intcode_body                       1EFE     1EFE      12E      82D       0
                text13                             227E     227E       B0      82D       0
                text12                             14DE     14DE      224      82D       0
                text11                             28B2     28B2       12      82D       0
                text10                             23DE     23DE       64      82D       0
                text9                              2864     2864       1A      82D       0
                text8                              264E     264E       4C      82D       0
                text7                              284A     284A       1A      82D       0
                text6                              24A6     24A6       5E      82D       0
                text5                              2602     2602       4C      82D       0
                text4                              2778     2778       3E      82D       0
                text3                              20F6     20F6       C4      82D       0
                text2                              105A     105A      242      82D       0
                text1                              27F4     27F4       2E      82D       0
                text0                              1910     1910      1B4      82D       0
                cstackCOMRAM                          1        1       20        1       1
                dataCOMRAM                           3C       3C        1        1       1
                bssCOMRAM                            21       21       1B        1       1
                cinit                              2822     2822       28      82D       0
                idataCOMRAM                        28D6     28D6        1      82D       0

TOTAL           Name                               Link     Load   Length     Space
        CLASS   STACK          

        CLASS   CODE           
                intcode                               8        8        6         0
                init                                  E        E        4         0
                reset_vec                             0        0        4         0
                text33                             2442     2442       64         0
                text32                             2898     2898       1A         0
                text31                             26E6     26E6       4C         0
                text30                             269A     269A       4C         0
                text29                             21BA     21BA       C4         0
                text28                             232E     232E       B0         0
                text27                             1702     1702      20E         0
                text26                             1DCA     1DCA      134         0
                text25                             27B6     27B6       3E         0
                text24                             1C5E     1C5E      16C         0
                text23                             28C4     28C4       12         0
                text22                             287E     287E       1A         0
                text21                             2504     2504       5E         0
                text20                             129C     129C      242         0
                text19                             1AC4     1AC4      19A         0
                text18                             2732     2732       46         0
                text17                             25B2     25B2       50         0
                text16                             2562     2562       50         0
                text15                             202C     202C       CA         0
                intcode_body                       1EFE     1EFE      12E         0
                text13                             227E     227E       B0         0
                text12                             14DE     14DE      224         0
                text11                             28B2     28B2       12         0
                text10                             23DE     23DE       64         0
                text9                              2864     2864       1A         0
                text8                              264E     264E       4C         0
                text7                              284A     284A       1A         0
                text6                              24A6     24A6       5E         0
                text5                              2602     2602       4C         0
                text4                              2778     2778       3E         0
                text3                              20F6     20F6       C4         0
                text2                              105A     105A      242         0
                text1                              27F4     27F4       2E         0
                text0                              1910     1910      1B4         0
                cinit                              2822     2822       28         0
                idataCOMRAM                        28D6     28D6        1         0

        CLASS   CONST          

        CLASS   SMALLCONST     
                smallconst                         1000     1000       5A         0

        CLASS   MEDIUMCONST    

        CLASS   COMRAM         
                temp                                 3D       3D        1         1
                cstackCOMRAM                          1        1       20         1
                dataCOMRAM                           3C       3C        1         1
                bssCOMRAM                            21       21       1B         1

        CLASS   ABS1           

        CLASS   BIGRAM         

        CLASS   RAM            

        CLASS   BANK0          

        CLASS   BANK1          

        CLASS   BANK2          

        CLASS   BANK3          

        CLASS   BANK4          

        CLASS   BANK5          

        CLASS   BANK6          

        CLASS   BANK7          

        CLASS   BANK8          

        CLASS   BANK9          

        CLASS   BANK10         

        CLASS   BANK11         

        CLASS   BANK12         

        CLASS   BANK13         

        CLASS   BANK14         

        CLASS   BANK15         

        CLASS   SFR            

        CLASS   FARRAM         

        CLASS   CONFIG         
                config                           300000   300000        E         0

        CLASS   IDLOC          
                idloc                            200000   200000        8         0

        CLASS   EEDATA         



SEGMENTS        Name                           Load    Length   Top    Selector   Space  Class

                reset_vec                      000000  000004  000004         0       0  CODE    
                cstackCOMRAM                   000001  00003D  00003E         1       1  COMRAM  
                intcode                        000008  00000A  000012         4       0  CODE    
                smallconst                     001000  00005A  00105A       800       0  SMALLCON
                text2                          00105A  00187D  0028D7       82D       0  CODE    
                idloc                          200000  000008  200008    200000       0  IDLOC   
                config                         300000  00000E  30000E    300000       0  CONFIG  


UNUSED ADDRESS RANGES

        Name                Unused          Largest block    Delta
        BANK0            000060-0000FF               A0
        BANK1            000100-0001FF              100
        BANK10           000A00-000AFF              100
        BANK11           000B00-000BFF              100
        BANK12           000C00-000CFF              100
        BANK13           000D00-000DFF              100
        BANK14           000E00-000EFF              100
        BANK15           000F00-000F5F               60
        BANK2            000200-0002FF              100
        BANK3            000300-0003FF              100
        BANK4            000400-0004FF              100
        BANK5            000500-0005FF              100
        BANK6            000600-0006FF              100
        BANK7            000700-0007FF              100
        BANK8            000800-0008FF              100
        BANK9            000900-0009FF              100
        BIGRAM           00003E-000F5F              F22
        CODE             000004-000007                4
                         000012-000FFF              FEE
                         0028D7-01FFFF            1D729
        COMRAM           00003E-00005F               22
        CONST            000004-000007                4
                         000012-000FFF              FEE
                         0028D7-01FFFF            1D729
        EEDATA           F00000-F003FF              400
        MEDIUMCONST      0028D7-00FFFF             D729
                         011000-01FFFF             F000
        RAM              000060-000F5F              100
        SFR              000F60-000FFF               A0
        SMALLCONST       0028D7-01FFFF              100
        STACK            000060-000F5F              F00

                                  Symbol Table

?___awdiv                       cstackCOMRAM 000015
?___awmod                       cstackCOMRAM 000015
?_read_all_button               cstackCOMRAM 000003
?_read_button_change            cstackCOMRAM 000001
?_read_button_sel               cstackCOMRAM 000001
?i2___awdiv                     cstackCOMRAM 000001
?i2___awmod                     cstackCOMRAM 000001
LCDPutChar@ch                   cstackCOMRAM 00001A
LCDPutInst@ch                   cstackCOMRAM 00001A
LCDPutStr@ptr                   cstackCOMRAM 00001B
Port_BBSPIInit@port_dir         cstackCOMRAM 000018
SendByteBBSPI@bitcount          cstackCOMRAM 000016
SendByteBBSPI@input             cstackCOMRAM 000017
SendByteBBSPI@output            cstackCOMRAM 000015
WritePort_BBSPI@a               cstackCOMRAM 000018
WritePort_BBSPI@port_add        cstackCOMRAM 000019
_ADCON1                         (abs)        000FC1
_INTCONbits                     (abs)        000FF2
_InitBBSPI                      text11       0028B2
_LATAbits                       (abs)        000F89
_LATCbits                       (abs)        000F8B
_LATD                           (abs)        000F8C
_LATFbits                       (abs)        000F8E
_LCDInit                        text6        0024A6
_LCDPutChar                     text5        002602
_LCDPutInst                     text8        00264E
_LCDPutStr                      text4        002778
_OSCCON                         (abs)        000FD3
_PORTAbits                      (abs)        000F80
_PORTBbits                      (abs)        000F81
_PORTD                          (abs)        000F83
_Port_BBSPIInit                 text7        00284A
_SendByteBBSPI                  text10       0023DE
_T0CON                          (abs)        000FD5
_TMR0H                          (abs)        000FD7
_TMR0L                          (abs)        000FD6
_TRISAbits                      (abs)        000F92
_TRISBbits                      (abs)        000F93
_TRISCbits                      (abs)        000F94
_TRISD                          (abs)        000F95
_TRISFbits                      (abs)        000F97
_WritePort_BBSPI                text9        002864
__CFG_BOREN$OFF                 (abs)        000000
__CFG_FCMEN$OFF                 (abs)        000000
__CFG_IESO$OFF                  (abs)        000000
__CFG_LVP$OFF                   (abs)        000000
__CFG_MCLRE$ON                  (abs)        000000
__CFG_OSC$INTIO7                (abs)        000000
__CFG_PWRT$OFF                  (abs)        000000
__CFG_WDT$OFF                   (abs)        000000
__CFG_XINST$OFF                 (abs)        000000
__HRAM                          (abs)        000000
__Habs1                         abs1         000000
__Hbank0                        bank0        000000
__Hbank1                        bank1        000000
__Hbank10                       bank10       000000
__Hbank11                       bank11       000000
__Hbank12                       bank12       000000
__Hbank13                       bank13       000000
__Hbank14                       bank14       000000
__Hbank15                       bank15       000000
__Hbank2                        bank2        000000
__Hbank3                        bank3        000000
__Hbank4                        bank4        000000
__Hbank5                        bank5        000000
__Hbank6                        bank6        000000
__Hbank7                        bank7        000000
__Hbank8                        bank8        000000
__Hbank9                        bank9        000000
__Hbigbss                       bigbss       000000
__Hbigdata                      bigdata      000000
__Hbigram                       bigram       000000
__Hbss                          bss          000000
__HbssCOMRAM                    bssCOMRAM    000000
__Hcinit                        cinit        000000
__Hclrtext                      clrtext      000000
__Hcomram                       comram       000000
__Hconfig                       config       30000E
__Hconst                        const        000000
__HcstackCOMRAM                 cstackCOMRAM 000000
__Hdata                         data         000000
__HdataCOMRAM                   dataCOMRAM   000000
__Heeprom_data                  eeprom_data  000000
__Hfarbss                       farbss       000000
__Hfardata                      fardata      000000
__Hibigdata                     ibigdata     000000
__Hidata                        idata        000000
__HidataCOMRAM                  idataCOMRAM  000000
__Hidloc                        idloc        200008
__Hifardata                     ifardata     000000
__Hinit                         init         000012
__Hintcode                      intcode      00000E
__Hintcode_body                 intcode_body 000000
__Hintcodelo                    intcodelo    00000E
__Hintentry                     intentry     000000
__Hintret                       intret       000000
__Hintsave_regs                 intsave_regs 000000
__Hirdata                       irdata       000000
__Hmediumconst                  mediumconst  000000
__HnvFARRAM                     nvFARRAM     000000
__Hnvbit                        nvbit        000000
__Hnvrram                       nvrram       000000
__Hparam                        rparam       000000
__Hpowerup                      powerup      00000E
__Hram                          ram          000000
__Hramtop                       ramtop       001000
__Hrbit                         rbit         000000
__Hrbss                         rbss         000000
__Hrdata                        rdata        000000
__Hreset_vec                    reset_vec    000004
__Hrparam                       rparam       000000
__Hsfr                          sfr          000000
__Hsmallconst                   smallconst   00105A
__Hspace_0                      (abs)        30000E
__Hspace_1                      (abs)        00003E
__Hspace_2                      (abs)        000000
__Hstack                        stack        000000
__Hstruct                       struct       000000
__Htemp                         temp         00003E
__Htext                         text         000000
__Htext0                        text0        000000
__Htext1                        text1        000000
__Htext10                       text10       000000
__Htext11                       text11       000000
__Htext12                       text12       000000
__Htext13                       text13       000000
__Htext15                       text15       000000
__Htext16                       text16       000000
__Htext17                       text17       000000
__Htext18                       text18       000000
__Htext19                       text19       000000
__Htext2                        text2        000000
__Htext20                       text20       000000
__Htext21                       text21       000000
__Htext22                       text22       000000
__Htext23                       text23       000000
__Htext24                       text24       000000
__Htext25                       text25       000000
__Htext26                       text26       000000
__Htext27                       text27       000000
__Htext28                       text28       000000
__Htext29                       text29       000000
__Htext3                        text3        000000
__Htext30                       text30       000000
__Htext31                       text31       000000
__Htext32                       text32       000000
__Htext33                       text33       000000
__Htext4                        text4        000000
__Htext5                        text5        000000
__Htext6                        text6        000000
__Htext7                        text7        000000
__Htext8                        text8        000000
__Htext9                        text9        000000
__LRAM                          (abs)        000001
__Labs1                         abs1         000000
__Lbank0                        bank0        000000
__Lbank1                        bank1        000000
__Lbank10                       bank10       000000
__Lbank11                       bank11       000000
__Lbank12                       bank12       000000
__Lbank13                       bank13       000000
__Lbank14                       bank14       000000
__Lbank15                       bank15       000000
__Lbank2                        bank2        000000
__Lbank3                        bank3        000000
__Lbank4                        bank4        000000
__Lbank5                        bank5        000000
__Lbank6                        bank6        000000
__Lbank7                        bank7        000000
__Lbank8                        bank8        000000
__Lbank9                        bank9        000000
__Lbigbss                       bigbss       000000
__Lbigdata                      bigdata      000000
__Lbigram                       bigram       000000
__Lbss                          bss          000000
__LbssCOMRAM                    bssCOMRAM    000000
__Lcinit                        cinit        000000
__Lclrtext                      clrtext      000000
__Lcomram                       comram       000000
__Lconfig                       config       300000
__Lconst                        const        000000
__LcstackCOMRAM                 cstackCOMRAM 000000
__Ldata                         data         000000
__LdataCOMRAM                   dataCOMRAM   000000
__Leeprom_data                  eeprom_data  000000
__Lfarbss                       farbss       000000
__Lfardata                      fardata      000000
__Libigdata                     ibigdata     000000
__Lidata                        idata        000000
__LidataCOMRAM                  idataCOMRAM  000000
__Lidloc                        idloc        200000
__Lifardata                     ifardata     000000
__Linit                         init         00000E
__Lintcode                      intcode      000008
__Lintcode_body                 intcode_body 000000
__Lintcodelo                    intcodelo    00000E
__Lintentry                     intentry     000000
__Lintret                       intret       000000
__Lintsave_regs                 intsave_regs 000000
__Lirdata                       irdata       000000
__Lmediumconst                  mediumconst  000000
__LnvFARRAM                     nvFARRAM     000000
__Lnvbit                        nvbit        000000
__Lnvrram                       nvrram       000000
__Lparam                        rparam       000000
__Lpowerup                      powerup      00000E
__Lram                          ram          000000
__Lramtop                       ramtop       001000
__Lrbit                         rbit         000000
__Lrbss                         rbss         000000
__Lrdata                        rdata        000000
__Lreset_vec                    reset_vec    000000
__Lrparam                       rparam       000000
__Lsfr                          sfr          000000
__Lsmallconst                   smallconst   001000
__Lspace_0                      (abs)        000000
__Lspace_1                      (abs)        000000
__Lspace_2                      (abs)        000000
__Lstack                        stack        000000
__Lstruct                       struct       000000
__Ltemp                         temp         00003D
__Ltext                         text         000000
__Ltext0                        text0        000000
__Ltext1                        text1        000000
__Ltext10                       text10       000000
__Ltext11                       text11       000000
__Ltext12                       text12       000000
__Ltext13                       text13       000000
__Ltext15                       text15       000000
__Ltext16                       text16       000000
__Ltext17                       text17       000000
__Ltext18                       text18       000000
__Ltext19                       text19       000000
__Ltext2                        text2        000000
__Ltext20                       text20       000000
__Ltext21                       text21       000000
__Ltext22                       text22       000000
__Ltext23                       text23       000000
__Ltext24                       text24       000000
__Ltext25                       text25       000000
__Ltext26                       text26       000000
__Ltext27                       text27       000000
__Ltext28                       text28       000000
__Ltext29                       text29       000000
__Ltext3                        text3        000000
__Ltext30                       text30       000000
__Ltext31                       text31       000000
__Ltext32                       text32       000000
__Ltext33                       text33       000000
__Ltext4                        text4        000000
__Ltext5                        text5        000000
__Ltext6                        text6        000000
__Ltext7                        text7        000000
__Ltext8                        text8        000000
__Ltext9                        text9        000000
__S0                            (abs)        30000E
__S1                            (abs)        00003E
__S2                            (abs)        000000
___awdiv                        text3        0020F6
___awdiv@counter                cstackCOMRAM 000019
___awdiv@dividend               cstackCOMRAM 000015
___awdiv@divisor                cstackCOMRAM 000017
___awdiv@quotient               cstackCOMRAM 00001B
___awdiv@sign                   cstackCOMRAM 00001A
___awmod                        text13       00227E
___awmod@counter                cstackCOMRAM 000019
___awmod@dividend               cstackCOMRAM 000015
___awmod@divisor                cstackCOMRAM 000017
___awmod@sign                   cstackCOMRAM 00001A
___extmem_base                  (abs)        020000
___inthi_sp                     stack        000000
___intlo_sp                     stack        000000
___param_bank                   (abs)        000000
___rparam_used                  (abs)        000001
___sp                           stack        000000
__accesstop                     (abs)        000060
__activetblptr                  (abs)        000003
__end_of_InitBBSPI              text11       0028C4
__end_of_LCDInit                text6        002504
__end_of_LCDPutChar             text5        00264E
__end_of_LCDPutInst             text8        00269A
__end_of_LCDPutStr              text4        0027B6
__end_of_Port_BBSPIInit         text7        002864
__end_of_SendByteBBSPI          text10       002442
__end_of_WritePort_BBSPI        text9        00287E
__end_of___awdiv                text3        0021BA
__end_of___awmod                text13       00232E
__end_of__initialization        cinit        002840
__end_of_blink                  text24       001DCA
__end_of_change_time            text12       001702
__end_of_clock_count            text26       001EFE
__end_of_clock_system           intcode_body 00202C
__end_of_display_change_state   text19       001C5E
__end_of_display_clock          text27       001910
__end_of_initial                text1        002822
__end_of_initial_display        text2        00129C
__end_of_main                   text0        001AC4
__end_of_read_all_button        text18       002778
__end_of_read_button_change     text17       002602
__end_of_read_button_sel        text16       0025B2
__end_of_stop_watch_count       text15       0020F6
__end_ofi2_InitBBSPI            text23       0028D6
__end_ofi2_LCDInit              text21       002562
__end_ofi2_LCDPutChar           text31       002732
__end_ofi2_LCDPutInst           text30       0026E6
__end_ofi2_LCDPutStr            text25       0027F4
__end_ofi2_Port_BBSPIInit       text22       002898
__end_ofi2_SendByteBBSPI        text33       0024A6
__end_ofi2_WritePort_BBSPI      text32       0028B2
__end_ofi2___awdiv              text29       00227E
__end_ofi2___awmod              text28       0023DE
__end_ofi2_initial_display      text20       0014DE
__initialization                cinit        002822
__mediumconst                   mediumconst  000000
__pbssCOMRAM                    bssCOMRAM    000021
__pcinit                        cinit        002822
__pcstackCOMRAM                 cstackCOMRAM 000001
__pdataCOMRAM                   dataCOMRAM   00003C
__pidataCOMRAM                  idataCOMRAM  0028D6
__pintcode                      intcode      000008
__pintcode_body                 intcode_body 001EFE
__psmallconst                   smallconst   001000
__ptext0                        text0        001910
__ptext1                        text1        0027F4
__ptext10                       text10       0023DE
__ptext11                       text11       0028B2
__ptext12                       text12       0014DE
__ptext13                       text13       00227E
__ptext15                       text15       00202C
__ptext16                       text16       002562
__ptext17                       text17       0025B2
__ptext18                       text18       002732
__ptext19                       text19       001AC4
__ptext2                        text2        00105A
__ptext20                       text20       00129C
__ptext21                       text21       002504
__ptext22                       text22       00287E
__ptext23                       text23       0028C4
__ptext24                       text24       001C5E
__ptext25                       text25       0027B6
__ptext26                       text26       001DCA
__ptext27                       text27       001702
__ptext28                       text28       00232E
__ptext29                       text29       0021BA
__ptext3                        text3        0020F6
__ptext30                       text30       00269A
__ptext31                       text31       0026E6
__ptext32                       text32       002898
__ptext33                       text33       002442
__ptext4                        text4        002778
__ptext5                        text5        002602
__ptext6                        text6        0024A6
__ptext7                        text7        00284A
__ptext8                        text8        00264E
__ptext9                        text9        002864
__ramtop                        ramtop       001000
__size_of_InitBBSPI             (abs)        000000
__size_of_LCDInit               (abs)        000000
__size_of_LCDPutChar            (abs)        000000
__size_of_LCDPutInst            (abs)        000000
__size_of_LCDPutStr             (abs)        000000
__size_of_Port_BBSPIInit        (abs)        000000
__size_of_SendByteBBSPI         (abs)        000000
__size_of_WritePort_BBSPI       (abs)        000000
__size_of___awdiv               (abs)        000000
__size_of___awmod               (abs)        000000
__size_of_blink                 (abs)        000000
__size_of_change_time           (abs)        000000
__size_of_clock_count           (abs)        000000
__size_of_clock_system          (abs)        000000
__size_of_display_change_state  (abs)        000000
__size_of_display_clock         (abs)        000000
__size_of_initial               (abs)        000000
__size_of_initial_display       (abs)        000000
__size_of_main                  (abs)        000000
__size_of_read_all_button       (abs)        000000
__size_of_read_button_change    (abs)        000000
__size_of_read_button_sel       (abs)        000000
__size_of_stop_watch_count      (abs)        000000
__size_ofi2_InitBBSPI           (abs)        000000
__size_ofi2_LCDInit             (abs)        000000
__size_ofi2_LCDPutChar          (abs)        000000
__size_ofi2_LCDPutInst          (abs)        000000
__size_ofi2_LCDPutStr           (abs)        000000
__size_ofi2_Port_BBSPIInit      (abs)        000000
__size_ofi2_SendByteBBSPI       (abs)        000000
__size_ofi2_WritePort_BBSPI     (abs)        000000
__size_ofi2___awdiv             (abs)        000000
__size_ofi2___awmod             (abs)        000000
__size_ofi2_initial_display     (abs)        000000
__smallconst                    smallconst   001000
_blink                          text24       001C5E
_blink_count                    bssCOMRAM    000028
_blink_state                    bssCOMRAM    000027
_button                         bssCOMRAM    00002B
_button_flag                    dataCOMRAM   00003C
_change_state                   bssCOMRAM    000021
_change_time                    text12       0014DE
_clock_count                    text26       001DCA
_clock_system                   intcode      000008
_count_but                      bssCOMRAM    00002A
_count_sel                      bssCOMRAM    000029
_display_change_state           text19       001AC4
_display_clock                  text27       001702
_first_read_change              bssCOMRAM    000030
_first_read_sel                 bssCOMRAM    00002E
_hour                           bssCOMRAM    000035
_hour_flag                      bssCOMRAM    000025
_init_setting                   bssCOMRAM    00002C
_initial                        text1        0027F4
_initial_display                text2        00105A
_main                           text0        001910
_millis                         bssCOMRAM    000038
_millis_10_stop                 bssCOMRAM    000033
_millis_stop_watch              bssCOMRAM    000034
_millis_system                  bssCOMRAM    000039
_minute                         bssCOMRAM    000036
_minute_flag                    bssCOMRAM    000026
_minute_stop                    bssCOMRAM    000031
_minute_stop_flag               bssCOMRAM    000022
_read_all_button                text18       002732
_read_button_change             text17       0025B2
_read_button_sel                text16       002562
_second                         bssCOMRAM    000037
_second_read_change             bssCOMRAM    00002F
_second_read_sel                bssCOMRAM    00002D
_second_stop                    bssCOMRAM    000032
_second_stop_flag               bssCOMRAM    000023
_state_but_sel                  bssCOMRAM    00003A
_state_machine                  bssCOMRAM    00003B
_stop_watch_count               text15       00202C
_stop_watch_flag                bssCOMRAM    000024
blink@state                     cstackCOMRAM 000009
blink@type                      cstackCOMRAM 00000B
btemp                           temp         00003D
clock_count@state               cstackCOMRAM 00000F
display_clock@clock1_stopwatch2 cstackCOMRAM 00000B
display_clock@variable_display  cstackCOMRAM 000009
end_of_initialization           cinit        002840
i2LCDPutChar@ch                 cstackCOMRAM 000006
i2LCDPutInst@ch                 cstackCOMRAM 000006
i2LCDPutStr@ptr                 cstackCOMRAM 000007
i2Port_BBSPIInit@port_dir       cstackCOMRAM 000004
i2SendByteBBSPI@bitcount        cstackCOMRAM 000002
i2SendByteBBSPI@input           cstackCOMRAM 000003
i2SendByteBBSPI@output          cstackCOMRAM 000001
i2WritePort_BBSPI@a             cstackCOMRAM 000004
i2WritePort_BBSPI@port_add      cstackCOMRAM 000005
i2_InitBBSPI                    text23       0028C4
i2_LCDInit                      text21       002504
i2_LCDPutChar                   text31       0026E6
i2_LCDPutInst                   text30       00269A
i2_LCDPutStr                    text25       0027B6
i2_Port_BBSPIInit               text22       00287E
i2_SendByteBBSPI                text33       002442
i2_WritePort_BBSPI              text32       002898
i2___awdiv                      text29       0021BA
i2___awdiv@counter              cstackCOMRAM 000005
i2___awdiv@dividend             cstackCOMRAM 000001
i2___awdiv@divisor              cstackCOMRAM 000003
i2___awdiv@quotient             cstackCOMRAM 000007
i2___awdiv@sign                 cstackCOMRAM 000006
i2___awmod                      text28       00232E
i2___awmod@counter              cstackCOMRAM 000005
i2___awmod@dividend             cstackCOMRAM 000001
i2___awmod@divisor              cstackCOMRAM 000003
i2___awmod@sign                 cstackCOMRAM 000006
i2_initial_display              text20       00129C
int$flags                       temp         00003D
int_func                        intcode_body 001EFE
intlevel0                       text         000000
intlevel1                       text         000000
intlevel2                       text         000000
intlevel3                       text         000000
read_all_button@button_A        cstackCOMRAM 000003
read_all_button@button_B        cstackCOMRAM 000005
stackhi                         (abs)        000F5F
stacklo                         (abs)        000060
start                           init         00000E
start_initialization            cinit        002822
ttemp5                          temp         00003E
ttemp6                          temp         000041
ttemp7                          temp         000045
wtemp8                          temp         00003E


FUNCTION INFORMATION:

 *************** function _main *****************
 Defined at:
		line 47 in file "main.c"
 Parameters:    Size  Location     Type
		None
 Auto vars:     Size  Location     Type
		None
 Return value:  Size  Location     Type
                  1    wreg      void 
 Registers used:
		wreg, status,2, status,0, tblptrl, tblptrh, tblptru, cstack
 Tracked objects:
		On entry : 
		On exit  : 
		Unchanged: 
 Data sizes:     COMRAM   BANK0   BANK1   BANK2   BANK3   BANK4   BANK5   BANK6   BANK7   BANK8   BANK9  BANK10  BANK11  BANK12  BANK13  BANK14  BANK15
      Params:         0       0       0       0       0       0       0       0       0       0       0       0       0       0       0       0       0
      Locals:         0       0       0       0       0       0       0       0       0       0       0       0       0       0       0       0       0
      Temps:          2       0       0       0       0       0       0       0       0       0       0       0       0       0       0       0       0
      Totals:         2       0       0       0       0       0       0       0       0       0       0       0       0       0       0       0       0
Total ram usage:        2 bytes
 Hardware stack levels required when called:   13
 This function calls:
		_change_time
		_initial
 This function is called by:
		Startup code after reset
 This function uses a non-reentrant model


 *************** function _initial *****************
 Defined at:
		line 6 in file "initial.c"
 Parameters:    Size  Location     Type
		None
 Auto vars:     Size  Location     Type
		None
 Return value:  Size  Location     Type
                  1    wreg      void 
 Registers used:
		wreg, status,2, status,0, tblptrl, tblptrh, tblptru, cstack
 Tracked objects:
		On entry : 
		On exit  : 
		Unchanged: 
 Data sizes:     COMRAM   BANK0   BANK1   BANK2   BANK3   BANK4   BANK5   BANK6   BANK7   BANK8   BANK9  BANK10  BANK11  BANK12  BANK13  BANK14  BANK15
      Params:         0       0       0       0       0       0       0       0       0       0       0       0       0       0       0       0       0
      Locals:         0       0       0       0       0       0       0       0       0       0       0       0       0       0       0       0       0
      Temps:          0       0       0       0       0       0       0       0       0       0       0       0       0       0       0       0       0
      Totals:         0       0       0       0       0       0       0       0       0       0       0       0       0       0       0       0       0
Total ram usage:        0 bytes
 Hardware stack levels used:    1
 Hardware stack levels required when called:   12
 This function calls:
		_initial_display
 This function is called by:
		_main
 This function uses a non-reentrant model


 *************** function _initial_display *****************
 Defined at:
		line 137 in file "display.c"
 Parameters:    Size  Location     Type
		None
 Auto vars:     Size  Location     Type
		None
 Return value:  Size  Location     Type
                  1    wreg      void 
 Registers used:
		wreg, status,2, status,0, tblptrl, tblptrh, tblptru, cstack
 Tracked objects:
		On entry : 
		On exit  : 
		Unchanged: 
 Data sizes:     COMRAM   BANK0   BANK1   BANK2   BANK3   BANK4   BANK5   BANK6   BANK7   BANK8   BANK9  BANK10  BANK11  BANK12  BANK13  BANK14  BANK15
      Params:         0       0       0       0       0       0       0       0       0       0       0       0       0       0       0       0       0
      Locals:         0       0       0       0       0       0       0       0       0       0       0       0       0       0       0       0       0
      Temps:          2       0       0       0       0       0       0       0       0       0       0       0       0       0       0       0       0
      Totals:         2       0       0       0       0       0       0       0       0       0       0       0       0       0       0       0       0
Total ram usage:        2 bytes
 Hardware stack levels used:    1
 Hardware stack levels required when called:   11
 This function calls:
		_LCDInit
		_LCDPutChar
		_LCDPutInst
		_LCDPutStr
		___awdiv
		___awmod
 This function is called by:
		_initial
 This function uses a non-reentrant model


 *************** function ___awdiv *****************
 Defined at:
		line 7 in file "C:\Program Files (x86)\Microchip\xc8\v2.10\pic\sources\c99\common\awdiv.c"
 Parameters:    Size  Location     Type
  dividend        2   20[COMRAM] int 
  divisor         2   22[COMRAM] int 
 Auto vars:     Size  Location     Type
  quotient        2   26[COMRAM] int 
  sign            1   25[COMRAM] unsigned char 
  counter         1   24[COMRAM] unsigned char 
 Return value:  Size  Location     Type
                  2   20[COMRAM] int 
 Registers used:
		wreg, status,2, status,0
 Tracked objects:
		On entry : 
		On exit  : 
		Unchanged: 
 Data sizes:     COMRAM   BANK0   BANK1   BANK2   BANK3   BANK4   BANK5   BANK6   BANK7   BANK8   BANK9  BANK10  BANK11  BANK12  BANK13  BANK14  BANK15
      Params:         4       0       0       0       0       0       0       0       0       0       0       0       0       0       0       0       0
      Locals:         4       0       0       0       0       0       0       0       0       0       0       0       0       0       0       0       0
      Temps:          0       0       0       0       0       0       0       0       0       0       0       0       0       0       0       0       0
      Totals:         8       0       0       0       0       0       0       0       0       0       0       0       0       0       0       0       0
Total ram usage:        8 bytes
 Hardware stack levels used:    1
 Hardware stack levels required when called:    7
 This function calls:
		Nothing
 This function is called by:
		_initial_display
 This function uses a non-reentrant model


 *************** function _LCDPutStr *****************
 Defined at:
		line 199 in file "BBSPI_LCD.c"
 Parameters:    Size  Location     Type
  ptr             2   26[COMRAM] PTR const unsigned char 
		 -> STR_8(17), STR_7(17), STR_6(17), STR_5(17), 
		 -> STR_4(17), STR_3(3), STR_2(3), STR_1(3), 
 Auto vars:     Size  Location     Type
		None
 Return value:  Size  Location     Type
                  1    wreg      void 
 Registers used:
		wreg, status,2, status,0, tblptrl, tblptrh, tblptru, cstack
 Tracked objects:
		On entry : 
		On exit  : 
		Unchanged: 
 Data sizes:     COMRAM   BANK0   BANK1   BANK2   BANK3   BANK4   BANK5   BANK6   BANK7   BANK8   BANK9  BANK10  BANK11  BANK12  BANK13  BANK14  BANK15
      Params:         2       0       0       0       0       0       0       0       0       0       0       0       0       0       0       0       0
      Locals:         0       0       0       0       0       0       0       0       0       0       0       0       0       0       0       0       0
      Temps:          0       0       0       0       0       0       0       0       0       0       0       0       0       0       0       0       0
      Totals:         2       0       0       0       0       0       0       0       0       0       0       0       0       0       0       0       0
Total ram usage:        2 bytes
 Hardware stack levels used:    1
 Hardware stack levels required when called:   10
 This function calls:
		_LCDPutChar
 This function is called by:
		_initial_display
 This function uses a non-reentrant model


 *************** function _LCDPutChar *****************
 Defined at:
		line 161 in file "BBSPI_LCD.c"
 Parameters:    Size  Location     Type
  ch              1    wreg     unsigned char 
 Auto vars:     Size  Location     Type
  ch              1   25[COMRAM] unsigned char 
 Return value:  Size  Location     Type
                  1    wreg      void 
 Registers used:
		wreg, status,2, status,0, cstack
 Tracked objects:
		On entry : 
		On exit  : 
		Unchanged: 
 Data sizes:     COMRAM   BANK0   BANK1   BANK2   BANK3   BANK4   BANK5   BANK6   BANK7   BANK8   BANK9  BANK10  BANK11  BANK12  BANK13  BANK14  BANK15
      Params:         0       0       0       0       0       0       0       0       0       0       0       0       0       0       0       0       0
      Locals:         1       0       0       0       0       0       0       0       0       0       0       0       0       0       0       0       0
      Temps:          0       0       0       0       0       0       0       0       0       0       0       0       0       0       0       0       0
      Totals:         1       0       0       0       0       0       0       0       0       0       0       0       0       0       0       0       0
Total ram usage:        1 bytes
 Hardware stack levels used:    1
 Hardware stack levels required when called:    9
 This function calls:
		_WritePort_BBSPI
 This function is called by:
		_LCDPutStr
		_initial_display
 This function uses a non-reentrant model


 *************** function _LCDInit *****************
 Defined at:
		line 46 in file "BBSPI_LCD.c"
 Parameters:    Size  Location     Type
		None
 Auto vars:     Size  Location     Type
		None
 Return value:  Size  Location     Type
                  1    wreg      void 
 Registers used:
		wreg, status,2, status,0, cstack
 Tracked objects:
		On entry : 
		On exit  : 
		Unchanged: 
 Data sizes:     COMRAM   BANK0   BANK1   BANK2   BANK3   BANK4   BANK5   BANK6   BANK7   BANK8   BANK9  BANK10  BANK11  BANK12  BANK13  BANK14  BANK15
      Params:         0       0       0       0       0       0       0       0       0       0       0       0       0       0       0       0       0
      Locals:         0       0       0       0       0       0       0       0       0       0       0       0       0       0       0       0       0
      Temps:          1       0       0       0       0       0       0       0       0       0       0       0       0       0       0       0       0
      Totals:         1       0       0       0       0       0       0       0       0       0       0       0       0       0       0       0       0
Total ram usage:        1 bytes
 Hardware stack levels used:    1
 Hardware stack levels required when called:   10
 This function calls:
		_InitBBSPI
		_LCDPutInst
		_Port_BBSPIInit
		_WritePort_BBSPI
 This function is called by:
		_initial_display
 This function uses a non-reentrant model


 *************** function _Port_BBSPIInit *****************
 Defined at:
		line 124 in file "BBSPI_LCD.c"
 Parameters:    Size  Location     Type
  port_dir        1    wreg     unsigned char 
 Auto vars:     Size  Location     Type
  port_dir        1   23[COMRAM] unsigned char 
 Return value:  Size  Location     Type
                  1    wreg      void 
 Registers used:
		wreg, status,2, status,0, cstack
 Tracked objects:
		On entry : 
		On exit  : 
		Unchanged: 
 Data sizes:     COMRAM   BANK0   BANK1   BANK2   BANK3   BANK4   BANK5   BANK6   BANK7   BANK8   BANK9  BANK10  BANK11  BANK12  BANK13  BANK14  BANK15
      Params:         0       0       0       0       0       0       0       0       0       0       0       0       0       0       0       0       0
      Locals:         1       0       0       0       0       0       0       0       0       0       0       0       0       0       0       0       0
      Temps:          0       0       0       0       0       0       0       0       0       0       0       0       0       0       0       0       0
      Totals:         1       0       0       0       0       0       0       0       0       0       0       0       0       0       0       0       0
Total ram usage:        1 bytes
 Hardware stack levels used:    1
 Hardware stack levels required when called:    8
 This function calls:
		_SendByteBBSPI
 This function is called by:
		_LCDInit
 This function uses a non-reentrant model


 *************** function _LCDPutInst *****************
 Defined at:
		line 180 in file "BBSPI_LCD.c"
 Parameters:    Size  Location     Type
  ch              1    wreg     unsigned char 
 Auto vars:     Size  Location     Type
  ch              1   25[COMRAM] unsigned char 
 Return value:  Size  Location     Type
                  1    wreg      void 
 Registers used:
		wreg, status,2, status,0, cstack
 Tracked objects:
		On entry : 
		On exit  : 
		Unchanged: 
 Data sizes:     COMRAM   BANK0   BANK1   BANK2   BANK3   BANK4   BANK5   BANK6   BANK7   BANK8   BANK9  BANK10  BANK11  BANK12  BANK13  BANK14  BANK15
      Params:         0       0       0       0       0       0       0       0       0       0       0       0       0       0       0       0       0
      Locals:         1       0       0       0       0       0       0       0       0       0       0       0       0       0       0       0       0
      Temps:          0       0       0       0       0       0       0       0       0       0       0       0       0       0       0       0       0
      Totals:         1       0       0       0       0       0       0       0       0       0       0       0       0       0       0       0       0
Total ram usage:        1 bytes
 Hardware stack levels used:    1
 Hardware stack levels required when called:    9
 This function calls:
		_WritePort_BBSPI
 This function is called by:
		_LCDInit
		_initial_display
 This function uses a non-reentrant model


 *************** function _WritePort_BBSPI *****************
 Defined at:
		line 145 in file "BBSPI_LCD.c"
 Parameters:    Size  Location     Type
  port_add        1    wreg     unsigned char 
  a               1   23[COMRAM] unsigned char 
 Auto vars:     Size  Location     Type
  port_add        1   24[COMRAM] unsigned char 
 Return value:  Size  Location     Type
                  1    wreg      void 
 Registers used:
		wreg, status,2, status,0, cstack
 Tracked objects:
		On entry : 
		On exit  : 
		Unchanged: 
 Data sizes:     COMRAM   BANK0   BANK1   BANK2   BANK3   BANK4   BANK5   BANK6   BANK7   BANK8   BANK9  BANK10  BANK11  BANK12  BANK13  BANK14  BANK15
      Params:         1       0       0       0       0       0       0       0       0       0       0       0       0       0       0       0       0
      Locals:         1       0       0       0       0       0       0       0       0       0       0       0       0       0       0       0       0
      Temps:          0       0       0       0       0       0       0       0       0       0       0       0       0       0       0       0       0
      Totals:         2       0       0       0       0       0       0       0       0       0       0       0       0       0       0       0       0
Total ram usage:        2 bytes
 Hardware stack levels used:    1
 Hardware stack levels required when called:    8
 This function calls:
		_SendByteBBSPI
 This function is called by:
		_LCDInit
		_LCDPutChar
		_LCDPutInst
 This function uses a non-reentrant model


 *************** function _SendByteBBSPI *****************
 Defined at:
		line 92 in file "BBSPI_LCD.c"
 Parameters:    Size  Location     Type
  output          1    wreg     unsigned char 
 Auto vars:     Size  Location     Type
  output          1   20[COMRAM] unsigned char 
  input           1   22[COMRAM] unsigned char 
  bitcount        1   21[COMRAM] unsigned char 
 Return value:  Size  Location     Type
                  1    wreg      void 
 Registers used:
		wreg, status,2, status,0
 Tracked objects:
		On entry : 
		On exit  : 
		Unchanged: 
 Data sizes:     COMRAM   BANK0   BANK1   BANK2   BANK3   BANK4   BANK5   BANK6   BANK7   BANK8   BANK9  BANK10  BANK11  BANK12  BANK13  BANK14  BANK15
      Params:         0       0       0       0       0       0       0       0       0       0       0       0       0       0       0       0       0
      Locals:         3       0       0       0       0       0       0       0       0       0       0       0       0       0       0       0       0
      Temps:          0       0       0       0       0       0       0       0       0       0       0       0       0       0       0       0       0
      Totals:         3       0       0       0       0       0       0       0       0       0       0       0       0       0       0       0       0
Total ram usage:        3 bytes
 Hardware stack levels used:    1
 Hardware stack levels required when called:    7
 This function calls:
		Nothing
 This function is called by:
		_Port_BBSPIInit
		_WritePort_BBSPI
 This function uses a non-reentrant model


 *************** function _InitBBSPI *****************
 Defined at:
		line 71 in file "BBSPI_LCD.c"
 Parameters:    Size  Location     Type
		None
 Auto vars:     Size  Location     Type
		None
 Return value:  Size  Location     Type
                  1    wreg      void 
 Registers used:
		None
 Tracked objects:
		On entry : 
		On exit  : 
		Unchanged: 
 Data sizes:     COMRAM   BANK0   BANK1   BANK2   BANK3   BANK4   BANK5   BANK6   BANK7   BANK8   BANK9  BANK10  BANK11  BANK12  BANK13  BANK14  BANK15
      Params:         0       0       0       0       0       0       0       0       0       0       0       0       0       0       0       0       0
      Locals:         0       0       0       0       0       0       0       0       0       0       0       0       0       0       0       0       0
      Temps:          0       0       0       0       0       0       0       0       0       0       0       0       0       0       0       0       0
      Totals:         0       0       0       0       0       0       0       0       0       0       0       0       0       0       0       0       0
Total ram usage:        0 bytes
 Hardware stack levels used:    1
 Hardware stack levels required when called:    7
 This function calls:
		Nothing
 This function is called by:
		_LCDInit
 This function uses a non-reentrant model


 *************** function _change_time *****************
 Defined at:
		line 57 in file "clock.c"
 Parameters:    Size  Location     Type
		None
 Auto vars:     Size  Location     Type
		None
 Return value:  Size  Location     Type
                  1    wreg      void 
 Registers used:
		wreg, status,2, status,0, cstack
 Tracked objects:
		On entry : 
		On exit  : 
		Unchanged: 
 Data sizes:     COMRAM   BANK0   BANK1   BANK2   BANK3   BANK4   BANK5   BANK6   BANK7   BANK8   BANK9  BANK10  BANK11  BANK12  BANK13  BANK14  BANK15
      Params:         0       0       0       0       0       0       0       0       0       0       0       0       0       0       0       0       0
      Locals:         0       0       0       0       0       0       0       0       0       0       0       0       0       0       0       0       0
      Temps:          2       0       0       0       0       0       0       0       0       0       0       0       0       0       0       0       0
      Totals:         2       0       0       0       0       0       0       0       0       0       0       0       0       0       0       0       0
Total ram usage:        2 bytes
 Hardware stack levels used:    1
 Hardware stack levels required when called:    8
 This function calls:
		___awmod
 This function is called by:
		_main
 This function uses a non-reentrant model


 *************** function ___awmod *****************
 Defined at:
		line 7 in file "C:\Program Files (x86)\Microchip\xc8\v2.10\pic\sources\c99\common\awmod.c"
 Parameters:    Size  Location     Type
  dividend        2   20[COMRAM] int 
  divisor         2   22[COMRAM] int 
 Auto vars:     Size  Location     Type
  sign            1   25[COMRAM] unsigned char 
  counter         1   24[COMRAM] unsigned char 
 Return value:  Size  Location     Type
                  2   20[COMRAM] int 
 Registers used:
		wreg, status,2, status,0
 Tracked objects:
		On entry : 
		On exit  : 
		Unchanged: 
 Data sizes:     COMRAM   BANK0   BANK1   BANK2   BANK3   BANK4   BANK5   BANK6   BANK7   BANK8   BANK9  BANK10  BANK11  BANK12  BANK13  BANK14  BANK15
      Params:         4       0       0       0       0       0       0       0       0       0       0       0       0       0       0       0       0
      Locals:         2       0       0       0       0       0       0       0       0       0       0       0       0       0       0       0       0
      Temps:          0       0       0       0       0       0       0       0       0       0       0       0       0       0       0       0       0
      Totals:         6       0       0       0       0       0       0       0       0       0       0       0       0       0       0       0       0
Total ram usage:        6 bytes
 Hardware stack levels used:    1
 Hardware stack levels required when called:    7
 This function calls:
		Nothing
 This function is called by:
		_change_time
		_initial_display
 This function uses a non-reentrant model


 *************** function _clock_system *****************
 Defined at:
		line 14 in file "main.c"
 Parameters:    Size  Location     Type
		None
 Auto vars:     Size  Location     Type
		None
 Return value:  Size  Location     Type
                  1    wreg      void 
 Registers used:
		wreg, status,2, status,0, tblptrl, tblptrh, tblptru, cstack
 Tracked objects:
		On entry : 
		On exit  : 
		Unchanged: 
 Data sizes:     COMRAM   BANK0   BANK1   BANK2   BANK3   BANK4   BANK5   BANK6   BANK7   BANK8   BANK9  BANK10  BANK11  BANK12  BANK13  BANK14  BANK15
      Params:         0       0       0       0       0       0       0       0       0       0       0       0       0       0       0       0       0
      Locals:         0       0       0       0       0       0       0       0       0       0       0       0       0       0       0       0       0
      Temps:          4       0       0       0       0       0       0       0       0       0       0       0       0       0       0       0       0
      Totals:         4       0       0       0       0       0       0       0       0       0       0       0       0       0       0       0       0
Total ram usage:        4 bytes
 Hardware stack levels used:    1
 Hardware stack levels required when called:    6
 This function calls:
		_clock_count
		_display_change_state
		_read_all_button
		_read_button_change
		_read_button_sel
		_stop_watch_count
 This function is called by:
		Interrupt level 2
 This function uses a non-reentrant model


 *************** function _stop_watch_count *****************
 Defined at:
		line 37 in file "clock.c"
 Parameters:    Size  Location     Type
		None
 Auto vars:     Size  Location     Type
		None
 Return value:  Size  Location     Type
                  1    wreg      void 
 Registers used:
		wreg, status,2, status,0, cstack
 Tracked objects:
		On entry : 
		On exit  : 
		Unchanged: 
 Data sizes:     COMRAM   BANK0   BANK1   BANK2   BANK3   BANK4   BANK5   BANK6   BANK7   BANK8   BANK9  BANK10  BANK11  BANK12  BANK13  BANK14  BANK15
      Params:         0       0       0       0       0       0       0       0       0       0       0       0       0       0       0       0       0
      Locals:         0       0       0       0       0       0       0       0       0       0       0       0       0       0       0       0       0
      Temps:          0       0       0       0       0       0       0       0       0       0       0       0       0       0       0       0       0
      Totals:         0       0       0       0       0       0       0       0       0       0       0       0       0       0       0       0       0
Total ram usage:        0 bytes
 Hardware stack levels used:    1
 Hardware stack levels required when called:    4
 This function calls:
		_display_clock
 This function is called by:
		_clock_system
 This function uses a non-reentrant model


 *************** function _read_button_sel *****************
 Defined at:
		line 14 in file "button.c"
 Parameters:    Size  Location     Type
		None
 Auto vars:     Size  Location     Type
		None
 Return value:  Size  Location     Type
                  2    0[COMRAM] int 
 Registers used:
		wreg, status,2, status,0
 Tracked objects:
		On entry : 
		On exit  : 
		Unchanged: 
 Data sizes:     COMRAM   BANK0   BANK1   BANK2   BANK3   BANK4   BANK5   BANK6   BANK7   BANK8   BANK9  BANK10  BANK11  BANK12  BANK13  BANK14  BANK15
      Params:         2       0       0       0       0       0       0       0       0       0       0       0       0       0       0       0       0
      Locals:         0       0       0       0       0       0       0       0       0       0       0       0       0       0       0       0       0
      Temps:          0       0       0       0       0       0       0       0       0       0       0       0       0       0       0       0       0
      Totals:         2       0       0       0       0       0       0       0       0       0       0       0       0       0       0       0       0
Total ram usage:        2 bytes
 Hardware stack levels used:    1
 This function calls:
		Nothing
 This function is called by:
		_clock_system
 This function uses a non-reentrant model


 *************** function _read_button_change *****************
 Defined at:
		line 5 in file "button.c"
 Parameters:    Size  Location     Type
		None
 Auto vars:     Size  Location     Type
		None
 Return value:  Size  Location     Type
                  2    0[COMRAM] int 
 Registers used:
		wreg, status,2, status,0
 Tracked objects:
		On entry : 
		On exit  : 
		Unchanged: 
 Data sizes:     COMRAM   BANK0   BANK1   BANK2   BANK3   BANK4   BANK5   BANK6   BANK7   BANK8   BANK9  BANK10  BANK11  BANK12  BANK13  BANK14  BANK15
      Params:         2       0       0       0       0       0       0       0       0       0       0       0       0       0       0       0       0
      Locals:         0       0       0       0       0       0       0       0       0       0       0       0       0       0       0       0       0
      Temps:          0       0       0       0       0       0       0       0       0       0       0       0       0       0       0       0       0
      Totals:         2       0       0       0       0       0       0       0       0       0       0       0       0       0       0       0       0
Total ram usage:        2 bytes
 Hardware stack levels used:    1
 This function calls:
		Nothing
 This function is called by:
		_clock_system
 This function uses a non-reentrant model


 *************** function _read_all_button *****************
 Defined at:
		line 23 in file "button.c"
 Parameters:    Size  Location     Type
  button_A        2    2[COMRAM] int 
  button_B        2    4[COMRAM] int 
 Auto vars:     Size  Location     Type
		None
 Return value:  Size  Location     Type
                  2    2[COMRAM] int 
 Registers used:
		wreg, status,2, status,0
 Tracked objects:
		On entry : 
		On exit  : 
		Unchanged: 
 Data sizes:     COMRAM   BANK0   BANK1   BANK2   BANK3   BANK4   BANK5   BANK6   BANK7   BANK8   BANK9  BANK10  BANK11  BANK12  BANK13  BANK14  BANK15
      Params:         4       0       0       0       0       0       0       0       0       0       0       0       0       0       0       0       0
      Locals:         0       0       0       0       0       0       0       0       0       0       0       0       0       0       0       0       0
      Temps:          0       0       0       0       0       0       0       0       0       0       0       0       0       0       0       0       0
      Totals:         4       0       0       0       0       0       0       0       0       0       0       0       0       0       0       0       0
Total ram usage:        4 bytes
 Hardware stack levels used:    1
 This function calls:
		Nothing
 This function is called by:
		_clock_system
 This function uses a non-reentrant model


 *************** function _display_change_state *****************
 Defined at:
		line 15 in file "display.c"
 Parameters:    Size  Location     Type
		None
 Auto vars:     Size  Location     Type
		None
 Return value:  Size  Location     Type
                  1    wreg      void 
 Registers used:
		wreg, status,2, status,0, tblptrl, tblptrh, tblptru, cstack
 Tracked objects:
		On entry : 
		On exit  : 
		Unchanged: 
 Data sizes:     COMRAM   BANK0   BANK1   BANK2   BANK3   BANK4   BANK5   BANK6   BANK7   BANK8   BANK9  BANK10  BANK11  BANK12  BANK13  BANK14  BANK15
      Params:         0       0       0       0       0       0       0       0       0       0       0       0       0       0       0       0       0
      Locals:         0       0       0       0       0       0       0       0       0       0       0       0       0       0       0       0       0
      Temps:          2       0       0       0       0       0       0       0       0       0       0       0       0       0       0       0       0
      Totals:         2       0       0       0       0       0       0       0       0       0       0       0       0       0       0       0       0
Total ram usage:        2 bytes
 Hardware stack levels used:    1
 Hardware stack levels required when called:    5
 This function calls:
		_blink
		_display_clock
		i2_initial_display
 This function is called by:
		_clock_system
 This function uses a non-reentrant model


 *************** function i2_initial_display *****************
 Defined at:
		line 137 in file "display.c"
 Parameters:    Size  Location     Type
		None
 Auto vars:     Size  Location     Type
		None
 Return value:  Size  Location     Type
                  1    wreg      void 
 Registers used:
		wreg, status,2, status,0, tblptrl, tblptrh, tblptru, cstack
 Tracked objects:
		On entry : 
		On exit  : 
		Unchanged: 
 Data sizes:     COMRAM   BANK0   BANK1   BANK2   BANK3   BANK4   BANK5   BANK6   BANK7   BANK8   BANK9  BANK10  BANK11  BANK12  BANK13  BANK14  BANK15
      Params:         0       0       0       0       0       0       0       0       0       0       0       0       0       0       0       0       0
      Locals:         0       0       0       0       0       0       0       0       0       0       0       0       0       0       0       0       0
      Temps:          2       0       0       0       0       0       0       0       0       0       0       0       0       0       0       0       0
      Totals:         2       0       0       0       0       0       0       0       0       0       0       0       0       0       0       0       0
Total ram usage:        2 bytes
 Hardware stack levels used:    1
 Hardware stack levels required when called:    4
 This function calls:
		i2_LCDInit
		i2_LCDPutChar
		i2_LCDPutInst
		i2_LCDPutStr
		i2___awdiv
		i2___awmod
 This function is called by:
		_display_change_state
 This function uses a non-reentrant model


 *************** function i2_LCDInit *****************
 Defined at:
		line 46 in file "BBSPI_LCD.c"
 Parameters:    Size  Location     Type
		None
 Auto vars:     Size  Location     Type
		None
 Return value:  Size  Location     Type
                  1    wreg      void 
 Registers used:
		wreg, status,2, status,0, cstack
 Tracked objects:
		On entry : 
		On exit  : 
		Unchanged: 
 Data sizes:     COMRAM   BANK0   BANK1   BANK2   BANK3   BANK4   BANK5   BANK6   BANK7   BANK8   BANK9  BANK10  BANK11  BANK12  BANK13  BANK14  BANK15
      Params:         0       0       0       0       0       0       0       0       0       0       0       0       0       0       0       0       0
      Locals:         0       0       0       0       0       0       0       0       0       0       0       0       0       0       0       0       0
      Temps:          1       0       0       0       0       0       0       0       0       0       0       0       0       0       0       0       0
      Totals:         1       0       0       0       0       0       0       0       0       0       0       0       0       0       0       0       0
Total ram usage:        1 bytes
 Hardware stack levels used:    1
 Hardware stack levels required when called:    3
 This function calls:
		i2_InitBBSPI
		i2_LCDPutInst
		i2_Port_BBSPIInit
		i2_WritePort_BBSPI
 This function is called by:
		i2_initial_display
 This function uses a non-reentrant model


 *************** function i2_Port_BBSPIInit *****************
 Defined at:
		line 124 in file "BBSPI_LCD.c"
 Parameters:    Size  Location     Type
  port_dir        1    wreg     unsigned char 
 Auto vars:     Size  Location     Type
  port_dir        1    3[COMRAM] unsigned char 
 Return value:  Size  Location     Type
                  1    wreg      void 
 Registers used:
		wreg, status,2, status,0, cstack
 Tracked objects:
		On entry : 
		On exit  : 
		Unchanged: 
 Data sizes:     COMRAM   BANK0   BANK1   BANK2   BANK3   BANK4   BANK5   BANK6   BANK7   BANK8   BANK9  BANK10  BANK11  BANK12  BANK13  BANK14  BANK15
      Params:         0       0       0       0       0       0       0       0       0       0       0       0       0       0       0       0       0
      Locals:         1       0       0       0       0       0       0       0       0       0       0       0       0       0       0       0       0
      Temps:          0       0       0       0       0       0       0       0       0       0       0       0       0       0       0       0       0
      Totals:         1       0       0       0       0       0       0       0       0       0       0       0       0       0       0       0       0
Total ram usage:        1 bytes
 Hardware stack levels used:    1
 Hardware stack levels required when called:    1
 This function calls:
		i2_SendByteBBSPI
 This function is called by:
		i2_LCDInit
 This function uses a non-reentrant model


 *************** function i2_InitBBSPI *****************
 Defined at:
		line 71 in file "BBSPI_LCD.c"
 Parameters:    Size  Location     Type
		None
 Auto vars:     Size  Location     Type
		None
 Return value:  Size  Location     Type
                  1    wreg      void 
 Registers used:
		None
 Tracked objects:
		On entry : 
		On exit  : 
		Unchanged: 
 Data sizes:     COMRAM   BANK0   BANK1   BANK2   BANK3   BANK4   BANK5   BANK6   BANK7   BANK8   BANK9  BANK10  BANK11  BANK12  BANK13  BANK14  BANK15
      Params:         0       0       0       0       0       0       0       0       0       0       0       0       0       0       0       0       0
      Locals:         0       0       0       0       0       0       0       0       0       0       0       0       0       0       0       0       0
      Temps:          0       0       0       0       0       0       0       0       0       0       0       0       0       0       0       0       0
      Totals:         0       0       0       0       0       0       0       0       0       0       0       0       0       0       0       0       0
Total ram usage:        0 bytes
 Hardware stack levels used:    1
 This function calls:
		Nothing
 This function is called by:
		i2_LCDInit
 This function uses a non-reentrant model


 *************** function _blink *****************
 Defined at:
		line 55 in file "display.c"
 Parameters:    Size  Location     Type
  state           2    8[COMRAM] int 
  type            2   10[COMRAM] int 
 Auto vars:     Size  Location     Type
		None
 Return value:  Size  Location     Type
                  1    wreg      void 
 Registers used:
		wreg, status,2, status,0, tblptrl, tblptrh, tblptru, cstack
 Tracked objects:
		On entry : 
		On exit  : 
		Unchanged: 
 Data sizes:     COMRAM   BANK0   BANK1   BANK2   BANK3   BANK4   BANK5   BANK6   BANK7   BANK8   BANK9  BANK10  BANK11  BANK12  BANK13  BANK14  BANK15
      Params:         4       0       0       0       0       0       0       0       0       0       0       0       0       0       0       0       0
      Locals:         0       0       0       0       0       0       0       0       0       0       0       0       0       0       0       0       0
      Temps:          2       0       0       0       0       0       0       0       0       0       0       0       0       0       0       0       0
      Totals:         6       0       0       0       0       0       0       0       0       0       0       0       0       0       0       0       0
Total ram usage:        6 bytes
 Hardware stack levels used:    1
 Hardware stack levels required when called:    4
 This function calls:
		i2_LCDPutChar
		i2_LCDPutInst
		i2_LCDPutStr
		i2___awdiv
		i2___awmod
 This function is called by:
		_display_change_state
 This function uses a non-reentrant model


 *************** function i2_LCDPutStr *****************
 Defined at:
		line 199 in file "BBSPI_LCD.c"
 Parameters:    Size  Location     Type
  ptr             2    6[COMRAM] PTR const unsigned char 
		 -> STR_8(17), STR_7(17), STR_6(17), STR_5(17), 
		 -> STR_4(17), STR_3(3), STR_2(3), STR_1(3), 
 Auto vars:     Size  Location     Type
		None
 Return value:  Size  Location     Type
                  1    wreg      void 
 Registers used:
		wreg, status,2, status,0, tblptrl, tblptrh, tblptru, cstack
 Tracked objects:
		On entry : 
		On exit  : 
		Unchanged: 
 Data sizes:     COMRAM   BANK0   BANK1   BANK2   BANK3   BANK4   BANK5   BANK6   BANK7   BANK8   BANK9  BANK10  BANK11  BANK12  BANK13  BANK14  BANK15
      Params:         2       0       0       0       0       0       0       0       0       0       0       0       0       0       0       0       0
      Locals:         0       0       0       0       0       0       0       0       0       0       0       0       0       0       0       0       0
      Temps:          0       0       0       0       0       0       0       0       0       0       0       0       0       0       0       0       0
      Totals:         2       0       0       0       0       0       0       0       0       0       0       0       0       0       0       0       0
Total ram usage:        2 bytes
 Hardware stack levels used:    1
 Hardware stack levels required when called:    3
 This function calls:
		i2_LCDPutChar
 This function is called by:
		_blink
		i2_initial_display
 This function uses a non-reentrant model


 *************** function _clock_count *****************
 Defined at:
		line 15 in file "clock.c"
 Parameters:    Size  Location     Type
  state           2   14[COMRAM] int 
 Auto vars:     Size  Location     Type
		None
 Return value:  Size  Location     Type
                  1    wreg      void 
 Registers used:
		wreg, status,2, status,0, cstack
 Tracked objects:
		On entry : 
		On exit  : 
		Unchanged: 
 Data sizes:     COMRAM   BANK0   BANK1   BANK2   BANK3   BANK4   BANK5   BANK6   BANK7   BANK8   BANK9  BANK10  BANK11  BANK12  BANK13  BANK14  BANK15
      Params:         2       0       0       0       0       0       0       0       0       0       0       0       0       0       0       0       0
      Locals:         0       0       0       0       0       0       0       0       0       0       0       0       0       0       0       0       0
      Temps:          0       0       0       0       0       0       0       0       0       0       0       0       0       0       0       0       0
      Totals:         2       0       0       0       0       0       0       0       0       0       0       0       0       0       0       0       0
Total ram usage:        2 bytes
 Hardware stack levels used:    1
 Hardware stack levels required when called:    4
 This function calls:
		_display_clock
		i2___awmod
 This function is called by:
		_clock_system
 This function uses a non-reentrant model


 *************** function _display_clock *****************
 Defined at:
		line 93 in file "display.c"
 Parameters:    Size  Location     Type
  variable_dis    2    8[COMRAM] int 
  clock1_stopw    2   10[COMRAM] int 
 Auto vars:     Size  Location     Type
		None
 Return value:  Size  Location     Type
                  1    wreg      void 
 Registers used:
		wreg, status,2, status,0, cstack
 Tracked objects:
		On entry : 
		On exit  : 
		Unchanged: 
 Data sizes:     COMRAM   BANK0   BANK1   BANK2   BANK3   BANK4   BANK5   BANK6   BANK7   BANK8   BANK9  BANK10  BANK11  BANK12  BANK13  BANK14  BANK15
      Params:         4       0       0       0       0       0       0       0       0       0       0       0       0       0       0       0       0
      Locals:         0       0       0       0       0       0       0       0       0       0       0       0       0       0       0       0       0
      Temps:          2       0       0       0       0       0       0       0       0       0       0       0       0       0       0       0       0
      Totals:         6       0       0       0       0       0       0       0       0       0       0       0       0       0       0       0       0
Total ram usage:        6 bytes
 Hardware stack levels used:    1
 Hardware stack levels required when called:    3
 This function calls:
		i2_LCDPutChar
		i2_LCDPutInst
		i2___awdiv
		i2___awmod
 This function is called by:
		_clock_count
		_stop_watch_count
		_display_change_state
 This function uses a non-reentrant model


 *************** function i2___awmod *****************
 Defined at:
		line 7 in file "C:\Program Files (x86)\Microchip\xc8\v2.10\pic\sources\c99\common\awmod.c"
 Parameters:    Size  Location     Type
  dividend        2    0[COMRAM] int 
  divisor         2    2[COMRAM] int 
 Auto vars:     Size  Location     Type
  __awmod         1    5[COMRAM] unsigned char 
  __awmod         1    4[COMRAM] unsigned char 
 Return value:  Size  Location     Type
                  2    0[COMRAM] int 
 Registers used:
		wreg, status,2, status,0
 Tracked objects:
		On entry : 
		On exit  : 
		Unchanged: 
 Data sizes:     COMRAM   BANK0   BANK1   BANK2   BANK3   BANK4   BANK5   BANK6   BANK7   BANK8   BANK9  BANK10  BANK11  BANK12  BANK13  BANK14  BANK15
      Params:         4       0       0       0       0       0       0       0       0       0       0       0       0       0       0       0       0
      Locals:         2       0       0       0       0       0       0       0       0       0       0       0       0       0       0       0       0
      Temps:          0       0       0       0       0       0       0       0       0       0       0       0       0       0       0       0       0
      Totals:         6       0       0       0       0       0       0       0       0       0       0       0       0       0       0       0       0
Total ram usage:        6 bytes
 Hardware stack levels used:    1
 This function calls:
		Nothing
 This function is called by:
		_clock_count
		_blink
		_display_clock
		i2_initial_display
 This function uses a non-reentrant model


 *************** function i2___awdiv *****************
 Defined at:
		line 7 in file "C:\Program Files (x86)\Microchip\xc8\v2.10\pic\sources\c99\common\awdiv.c"
 Parameters:    Size  Location     Type
  dividend        2    0[COMRAM] int 
  divisor         2    2[COMRAM] int 
 Auto vars:     Size  Location     Type
  __awdiv         2    6[COMRAM] int 
  __awdiv         1    5[COMRAM] unsigned char 
  __awdiv         1    4[COMRAM] unsigned char 
 Return value:  Size  Location     Type
                  2    0[COMRAM] int 
 Registers used:
		wreg, status,2, status,0
 Tracked objects:
		On entry : 
		On exit  : 
		Unchanged: 
 Data sizes:     COMRAM   BANK0   BANK1   BANK2   BANK3   BANK4   BANK5   BANK6   BANK7   BANK8   BANK9  BANK10  BANK11  BANK12  BANK13  BANK14  BANK15
      Params:         4       0       0       0       0       0       0       0       0       0       0       0       0       0       0       0       0
      Locals:         4       0       0       0       0       0       0       0       0       0       0       0       0       0       0       0       0
      Temps:          0       0       0       0       0       0       0       0       0       0       0       0       0       0       0       0       0
      Totals:         8       0       0       0       0       0       0       0       0       0       0       0       0       0       0       0       0
Total ram usage:        8 bytes
 Hardware stack levels used:    1
 This function calls:
		Nothing
 This function is called by:
		_blink
		_display_clock
		i2_initial_display
 This function uses a non-reentrant model


 *************** function i2_LCDPutInst *****************
 Defined at:
		line 180 in file "BBSPI_LCD.c"
 Parameters:    Size  Location     Type
  ch              1    wreg     unsigned char 
 Auto vars:     Size  Location     Type
  ch              1    5[COMRAM] unsigned char 
 Return value:  Size  Location     Type
                  1    wreg      void 
 Registers used:
		wreg, status,2, status,0, cstack
 Tracked objects:
		On entry : 
		On exit  : 
		Unchanged: 
 Data sizes:     COMRAM   BANK0   BANK1   BANK2   BANK3   BANK4   BANK5   BANK6   BANK7   BANK8   BANK9  BANK10  BANK11  BANK12  BANK13  BANK14  BANK15
      Params:         0       0       0       0       0       0       0       0       0       0       0       0       0       0       0       0       0
      Locals:         1       0       0       0       0       0       0       0       0       0       0       0       0       0       0       0       0
      Temps:          0       0       0       0       0       0       0       0       0       0       0       0       0       0       0       0       0
      Totals:         1       0       0       0       0       0       0       0       0       0       0       0       0       0       0       0       0
Total ram usage:        1 bytes
 Hardware stack levels used:    1
 Hardware stack levels required when called:    2
 This function calls:
		i2_WritePort_BBSPI
 This function is called by:
		_blink
		_display_clock
		i2_LCDInit
		i2_initial_display
 This function uses a non-reentrant model


 *************** function i2_LCDPutChar *****************
 Defined at:
		line 161 in file "BBSPI_LCD.c"
 Parameters:    Size  Location     Type
  ch              1    wreg     unsigned char 
 Auto vars:     Size  Location     Type
  ch              1    5[COMRAM] unsigned char 
 Return value:  Size  Location     Type
                  1    wreg      void 
 Registers used:
		wreg, status,2, status,0, cstack
 Tracked objects:
		On entry : 
		On exit  : 
		Unchanged: 
 Data sizes:     COMRAM   BANK0   BANK1   BANK2   BANK3   BANK4   BANK5   BANK6   BANK7   BANK8   BANK9  BANK10  BANK11  BANK12  BANK13  BANK14  BANK15
      Params:         0       0       0       0       0       0       0       0       0       0       0       0       0       0       0       0       0
      Locals:         1       0       0       0       0       0       0       0       0       0       0       0       0       0       0       0       0
      Temps:          0       0       0       0       0       0       0       0       0       0       0       0       0       0       0       0       0
      Totals:         1       0       0       0       0       0       0       0       0       0       0       0       0       0       0       0       0
Total ram usage:        1 bytes
 Hardware stack levels used:    1
 Hardware stack levels required when called:    2
 This function calls:
		i2_WritePort_BBSPI
 This function is called by:
		_blink
		_display_clock
		i2_LCDPutStr
		i2_initial_display
 This function uses a non-reentrant model


 *************** function i2_WritePort_BBSPI *****************
 Defined at:
		line 145 in file "BBSPI_LCD.c"
 Parameters:    Size  Location     Type
  port_add        1    wreg     unsigned char 
  a               1    3[COMRAM] unsigned char 
 Auto vars:     Size  Location     Type
  port_add        1    4[COMRAM] unsigned char 
 Return value:  Size  Location     Type
                  1    wreg      void 
 Registers used:
		wreg, status,2, status,0, cstack
 Tracked objects:
		On entry : 
		On exit  : 
		Unchanged: 
 Data sizes:     COMRAM   BANK0   BANK1   BANK2   BANK3   BANK4   BANK5   BANK6   BANK7   BANK8   BANK9  BANK10  BANK11  BANK12  BANK13  BANK14  BANK15
      Params:         1       0       0       0       0       0       0       0       0       0       0       0       0       0       0       0       0
      Locals:         1       0       0       0       0       0       0       0       0       0       0       0       0       0       0       0       0
      Temps:          0       0       0       0       0       0       0       0       0       0       0       0       0       0       0       0       0
      Totals:         2       0       0       0       0       0       0       0       0       0       0       0       0       0       0       0       0
Total ram usage:        2 bytes
 Hardware stack levels used:    1
 Hardware stack levels required when called:    1
 This function calls:
		i2_SendByteBBSPI
 This function is called by:
		i2_LCDInit
		i2_LCDPutChar
		i2_LCDPutInst
 This function uses a non-reentrant model


 *************** function i2_SendByteBBSPI *****************
 Defined at:
		line 92 in file "BBSPI_LCD.c"
 Parameters:    Size  Location     Type
  output          1    wreg     unsigned char 
 Auto vars:     Size  Location     Type
  output          1    0[COMRAM] unsigned char 
  SendByteBBSP    1    2[COMRAM] unsigned char 
  SendByteBBSP    1    1[COMRAM] unsigned char 
 Return value:  Size  Location     Type
                  1    wreg      void 
 Registers used:
		wreg, status,2, status,0
 Tracked objects:
		On entry : 
		On exit  : 
		Unchanged: 
 Data sizes:     COMRAM   BANK0   BANK1   BANK2   BANK3   BANK4   BANK5   BANK6   BANK7   BANK8   BANK9  BANK10  BANK11  BANK12  BANK13  BANK14  BANK15
      Params:         0       0       0       0       0       0       0       0       0       0       0       0       0       0       0       0       0
      Locals:         3       0       0       0       0       0       0       0       0       0       0       0       0       0       0       0       0
      Temps:          0       0       0       0       0       0       0       0       0       0       0       0       0       0       0       0       0
      Totals:         3       0       0       0       0       0       0       0       0       0       0       0       0       0       0       0       0
Total ram usage:        3 bytes
 Hardware stack levels used:    1
 This function calls:
		Nothing
 This function is called by:
		i2_Port_BBSPIInit
		i2_WritePort_BBSPI
 This function uses a non-reentrant model



MODULE INFORMATION

Module		Function		Class		Link	Load	Size
button.c
		_read_button_change		CODE           	25B2	0000	81
		_read_button_sel		CODE           	2562	0000	81
		_read_all_button		CODE           	2732	0000	71

button.c estimated size: 233

clock.c
		_stop_watch_count		CODE           	202C	0000	203
		_change_time   		CODE           	14DE	0000	549
		_clock_count   		CODE           	1DCA	0000	309

clock.c estimated size: 1061

C:\Program Files (x86)\Microchip\xc8\v2.10\pic\sources\c99\common\awdiv.c
		___awdiv       		CODE           	20F6	0000	197

C:\Program Files (x86)\Microchip\xc8\v2.10\pic\sources\c99\common\awdiv.c estimated size: 197

initial.c
		_initial       		CODE           	27F4	0000	47

initial.c estimated size: 47

BBSPI_LCD.c
		_LCDPutStr     		CODE           	2778	0000	63
		_LCDPutChar    		CODE           	2602	0000	77
		_SendByteBBSPI 		CODE           	23DE	0000	101
		_LCDInit       		CODE           	24A6	0000	95
		_LCDPutInst    		CODE           	264E	0000	77
		_WritePort_BBSPI		CODE           	2864	0000	27
		_InitBBSPI     		CODE           	28B2	0000	19
		_Port_BBSPIInit		CODE           	284A	0000	27

BBSPI_LCD.c estimated size: 486

shared
		i2_SendByteBBSPI		CODE           	2442	0000	101
		i2_LCDInit     		CODE           	2504	0000	95
		i2_initial_display		CODE           	129C	0000	579
		i2_WritePort_BBSPI		CODE           	2898	0000	27
		i2___awdiv     		CODE           	21BA	0000	197
		i2_LCDPutStr   		CODE           	27B6	0000	63
		__initialization		CODE           	2822	0000	31
		i2_LCDPutChar  		CODE           	26E6	0000	77
		i2_LCDPutInst  		CODE           	269A	0000	77
		i2___awmod     		CODE           	232E	0000	177
		i2_InitBBSPI   		CODE           	28C4	0000	19
		i2_Port_BBSPIInit		CODE           	287E	0000	27

shared estimated size: 1470

display.c
		_display_clock 		CODE           	1702	0000	527
		_display_change_state		CODE           	1AC4	0000	411
		_initial_display		CODE           	105A	0000	579
		_blink         		CODE           	1C5E	0000	365

display.c estimated size: 1882

C:\Program Files (x86)\Microchip\xc8\v2.10\pic\sources\c99\common\awmod.c
		___awmod       		CODE           	227E	0000	177

C:\Program Files (x86)\Microchip\xc8\v2.10\pic\sources\c99\common\awmod.c estimated size: 177

main.c
		_clock_system  		CODE           	0008	0000	309
		_main          		CODE           	1910	0000	437

main.c estimated size: 746

