Microchip MPLAB XC8 Compiler V2.10 ()

Linker command line:

-W-3 --edf=C:\Program Files (x86)\Microchip\xc8\v2.10\pic\dat\en_msgs.txt \
  -cs -h+dist/default/production\LAB_5_project.X.production.sym \
  --cmf=dist/default/production\LAB_5_project.X.production.cmf -z -Q18F8722 \
  -oC:\Users\Dell\AppData\Local\Temp\sk40.2 --defsym=__MPLAB_BUILD=1 \
  -Mdist/default/production/LAB_5_project.X.production.map -E1 -ver=XC8 \
  --acfsm=1493 -ASTACK=01E6h-0F5Fh -pstack=STACK -ACODE=00h-01FFFFh \
  -ACONST=00h-01FFFFh -ASMALLCONST=01000h-010FFhx496 \
  -AMEDIUMCONST=01000h-0FFFFh,011000h-01FFFFh -ACOMRAM=01h-05Fh \
  -AABS1=00h-0F5Fh -ABIGRAM=01h-0F5Fh \
  -ARAM=060h-0FFh,0100h-01FFhx14,0F00h-0F5Fh -ABANK0=060h-0FFh \
  -ABANK1=0100h-01FFh -ABANK2=0200h-02FFh -ABANK3=0300h-03FFh \
  -ABANK4=0400h-04FFh -ABANK5=0500h-05FFh -ABANK6=0600h-06FFh \
  -ABANK7=0700h-07FFh -ABANK8=0800h-08FFh -ABANK9=0900h-09FFh \
  -ABANK10=0A00h-0AFFh -ABANK11=0B00h-0BFFh -ABANK12=0C00h-0CFFh \
  -ABANK13=0D00h-0DFFh -ABANK14=0E00h-0EFFh -ABANK15=0F00h-0F5Fh \
  -ASFR=0F60h-0FFFh -preset_vec=00h,intcode=08h,intcodelo,powerup,init \
  -pramtop=01000h -psmallconst=SMALLCONST -pmediumconst=MEDIUMCONST \
  -pconst=CONST -AFARRAM=00h-00h -ACONFIG=0300000h-030000Dh -pconfig=CONFIG \
  -AIDLOC=0200000h-0200007h -pidloc=IDLOC -AEEDATA=0F00000h-0F003FFh \
  -peeprom_data=EEDATA \
  -prdata=COMRAM,nvrram=COMRAM,nvbit=COMRAM,rbss=COMRAM,rbit=COMRAM \
  -pfarbss=FARRAM,fardata=FARRAM,nvFARRAM=FARRAM \
  -pintsave_regs=BIGRAM,bigbss=BIGRAM,bigdata=BIGRAM -pbss=RAM \
  -pidata=CODE,irdata=CODE,ibigdata=CODE,ifardata=CODE -prparam=COMRAM \
  C:\Users\Dell\AppData\Local\Temp\sk40.o \
  dist/default/production\LAB_5_project.X.production.o 

Object code version is 3.11

Machine type is 18F8722

Call graph: (short form)




                Name                               Link     Load   Length Selector   Space Scale
C:\Users\Dell\AppData\Local\Temp\sk40.o
                init                                  E        E        4        4       0
                reset_vec                             0        0        4        0       0
                idloc                            200000   200000        8   200000       0
                config                           300000   300000        E   300000       0
dist/default/production\LAB_5_project.X.production.o
                intcode                               8        8        6        4       0
                temp                                 5D       5D        1        1       1
                smallconst                         1000     1000       A6      800       0
                text38                             3BC2     3BC2       26      853       0
                text37                             1920     1920      7C2      853       0
                text36                             2E28     2E28      160      853       0
                intcode_body                       320C     320C      126      853       0
                text34                             3844     3844       6A      853       0
                text33                             3BE8     3BE8       20      853       0
                text32                             3968     3968       54      853       0
                text31                             3914     3914       54      853       0
                text30                             352E     352E       C6      853       0
                text29                             36AA     36AA       B2      853       0
                text28                             35F4     35F4       B6      853       0
                text27                             3A9A     3A9A       40      853       0
                text26                             254E     254E      30A      853       0
                text25                             2858     2858      208      853       0
                text24                             3B9A     3B9A       28      853       0
                text23                             10A6     10A6      87A      853       0
                text22                             20E2     20E2      46C      853       0
                text21                             2C48     2C48      1E0      853       0
                text20                             2A60     2A60      1E8      853       0
                text19                             344C     344C       E2      853       0
                text18                             2F88     2F88      144      853       0
                text17                             3ADA     3ADA       3A      853       0
                text16                             3A0A     3A0A       4A      853       0
                text15                             3B44     3B44       2C      853       0
                text14                             3A54     3A54       46      853       0
                text13                             3332     3332      11A      853       0
                text12                             3B14     3B14       30      853       0
                text11                             3C62     3C62        A      853       0
                text10                             3C70     3C70        4      853       0
                text9                              3C58     3C58        A      853       0
                text8                              3C4E     3C4E        A      853       0
                text7                              3C3C     3C3C       12      853       0
                text6                              3C08     3C08       1E      853       0
                text5                              38AE     38AE       66      853       0
                text4                              39BC     39BC       4E      853       0
                text3                              3C26     3C26       16      853       0
                text2                              30CC     30CC      140      853       0
                text1                              375C     375C       7C      853       0
                text0                              3B70     3B70       2A      853       0
                cstackCOMRAM                          1        1       43        1       1
                cstackBANK0                          60       60       51       60       1
                bssBANK1                            100      100       E6      100       1
                dataBANK0                            E0       E0        4       60       1
                bssBANK0                             B1       B1       2F       60       1
                dataCOMRAM                           5A       5A        3        1       1
                bssCOMRAM                            44       44       16        1       1
                cinit                              37D8     37D8       6C      853       0
                idataBANK0                         3C6C     3C6C        4      853       0
                idataCOMRAM                        3C74     3C74        3      853       0

TOTAL           Name                               Link     Load   Length     Space
        CLASS   STACK          

        CLASS   CODE           
                intcode                               8        8        6         0
                init                                  E        E        4         0
                reset_vec                             0        0        4         0
                text38                             3BC2     3BC2       26         0
                text37                             1920     1920      7C2         0
                text36                             2E28     2E28      160         0
                intcode_body                       320C     320C      126         0
                text34                             3844     3844       6A         0
                text33                             3BE8     3BE8       20         0
                text32                             3968     3968       54         0
                text31                             3914     3914       54         0
                text30                             352E     352E       C6         0
                text29                             36AA     36AA       B2         0
                text28                             35F4     35F4       B6         0
                text27                             3A9A     3A9A       40         0
                text26                             254E     254E      30A         0
                text25                             2858     2858      208         0
                text24                             3B9A     3B9A       28         0
                text23                             10A6     10A6      87A         0
                text22                             20E2     20E2      46C         0
                text21                             2C48     2C48      1E0         0
                text20                             2A60     2A60      1E8         0
                text19                             344C     344C       E2         0
                text18                             2F88     2F88      144         0
                text17                             3ADA     3ADA       3A         0
                text16                             3A0A     3A0A       4A         0
                text15                             3B44     3B44       2C         0
                text14                             3A54     3A54       46         0
                text13                             3332     3332      11A         0
                text12                             3B14     3B14       30         0
                text11                             3C62     3C62        A         0
                text10                             3C70     3C70        4         0
                text9                              3C58     3C58        A         0
                text8                              3C4E     3C4E        A         0
                text7                              3C3C     3C3C       12         0
                text6                              3C08     3C08       1E         0
                text5                              38AE     38AE       66         0
                text4                              39BC     39BC       4E         0
                text3                              3C26     3C26       16         0
                text2                              30CC     30CC      140         0
                text1                              375C     375C       7C         0
                text0                              3B70     3B70       2A         0
                cinit                              37D8     37D8       6C         0
                idataBANK0                         3C6C     3C6C        4         0
                idataCOMRAM                        3C74     3C74        3         0

        CLASS   CONST          

        CLASS   SMALLCONST     
                smallconst                         1000     1000       A6         0

        CLASS   MEDIUMCONST    

        CLASS   COMRAM         
                temp                                 5D       5D        1         1
                cstackCOMRAM                          1        1       43         1
                dataCOMRAM                           5A       5A        3         1
                bssCOMRAM                            44       44       16         1

        CLASS   ABS1           

        CLASS   BIGRAM         

        CLASS   RAM            

        CLASS   BANK0          
                cstackBANK0                          60       60       51         1
                dataBANK0                            E0       E0        4         1
                bssBANK0                             B1       B1       2F         1

        CLASS   BANK1          
                bssBANK1                            100      100       E6         1

        CLASS   BANK2          

        CLASS   BANK3          

        CLASS   BANK4          

        CLASS   BANK5          

        CLASS   BANK6          

        CLASS   BANK7          

        CLASS   BANK8          

        CLASS   BANK9          

        CLASS   BANK10         

        CLASS   BANK11         

        CLASS   BANK12         

        CLASS   BANK13         

        CLASS   BANK14         

        CLASS   BANK15         

        CLASS   SFR            

        CLASS   FARRAM         

        CLASS   CONFIG         
                config                           300000   300000        E         0

        CLASS   IDLOC          
                idloc                            200000   200000        8         0

        CLASS   EEDATA         



SEGMENTS        Name                           Load    Length   Top    Selector   Space  Class

                reset_vec                      000000  000004  000004         0       0  CODE    
                cstackCOMRAM                   000001  00005D  00005E         1       1  COMRAM  
                intcode                        000008  00000A  000012         4       0  CODE    
                cstackBANK0                    000060  000084  0000E4        60       1  BANK0   
                bssBANK1                       000100  0000E6  0001E6       100       1  BANK1   
                smallconst                     001000  0000A6  0010A6       800       0  SMALLCON
                text23                         0010A6  002BD1  003C77       853       0  CODE    
                idloc                          200000  000008  200008    200000       0  IDLOC   
                config                         300000  00000E  30000E    300000       0  CONFIG  


UNUSED ADDRESS RANGES

        Name                Unused          Largest block    Delta
        BANK0            0000E4-0000FF               1C
        BANK1            0001E6-0001FF               1A
        BANK10           000A00-000AFF              100
        BANK11           000B00-000BFF              100
        BANK12           000C00-000CFF              100
        BANK13           000D00-000DFF              100
        BANK14           000E00-000EFF              100
        BANK15           000F00-000F5F               60
        BANK2            000200-0002FF              100
        BANK3            000300-0003FF              100
        BANK4            000400-0004FF              100
        BANK5            000500-0005FF              100
        BANK6            000600-0006FF              100
        BANK7            000700-0007FF              100
        BANK8            000800-0008FF              100
        BANK9            000900-0009FF              100
        BIGRAM           00005E-00005F                2
                         0000E4-0000FF               1C
                         0001E6-000F5F              D7A
        CODE             000004-000007                4
                         000012-000FFF              FEE
                         003C77-01FFFF            1C389
        COMRAM           00005E-00005F                2
        CONST            000004-000007                4
                         000012-000FFF              FEE
                         003C77-01FFFF            1C389
        EEDATA           F00000-F003FF              400
        MEDIUMCONST      003C77-00FFFF             C389
                         011000-01FFFF             F000
        RAM              0000E4-0000FF               1C
                         0001E6-000F5F              100
        SFR              000F60-000FFF               A0
        SMALLCONST       003C77-01FFFF              100
        STACK            0001E6-000F5F              D7A

                                  Symbol Table

?___awdiv                     cstackBANK0  000060
?___awmod                     cstackBANK0  000060
?___wmul                      cstackBANK0  000060
?_read_button_B               cstackBANK0  00006B
?_register_timer              cstackBANK0  000066
?_timer_ISR                   cstackCOMRAM 00002F
?i2___wmul                    cstackCOMRAM 000001
LCDPutChar@ch                 cstackBANK0  000065
LCDPutInst@ch                 cstackBANK0  000065
LCDPutStr@ptr                 cstackBANK0  000066
Port_BBSPIInit@port_dir       cstackBANK0  000063
SendByteBBSPI@bitcount        cstackBANK0  000061
SendByteBBSPI@input           cstackBANK0  000062
SendByteBBSPI@output          cstackBANK0  000060
WritePort_BBSPI@a             cstackBANK0  000063
WritePort_BBSPI@port_add      cstackBANK0  000064
_ADCON1                       (abs)        000FC1
_ALLOW_TIMER_REGISTER         bssCOMRAM    000055
_BUTTON_INC_STATE             dataCOMRAM   00005B
_BUTTON_STATE                 dataBANK0    0000E2
_FLAG_BUG                     bssCOMRAM    000054
_FSM                          text20       002A60
_FSM$2315                     cstackBANK0  0000A9
_HEAD_ARRAY                   bssCOMRAM    000050
_HEAD_QUEUE                   bssBANK0     0000C9
_HUMI_SWAP                    dataCOMRAM   00005A
_INTCONbits                   (abs)        000FF2
_InitBBSPI                    text7        003C3C
_LATAbits                     (abs)        000F89
_LATCbits                     (abs)        000F8B
_LATDbits                     (abs)        000F8C
_LATFbits                     (abs)        000F8E
_LCDInit                      text5        0038AE
_LCDPutChar                   text32       003968
_LCDPutInst                   text31       003914
_LCDPutStr                    text27       003A9A
_NUMBER_EXIST                 bssBANK0     0000CD
_NUMBER_EXIST_TASKS           bssBANK0     0000CB
_OSCCON                       (abs)        000FD3
_OSCTUNE                      (abs)        000F9B
_PIE1bits                     (abs)        000F9D
_PIR1bits                     (abs)        000F9E
_PORTAbits                    (abs)        000F80
_PORTBbits                    (abs)        000F81
_PORTCbits                    (abs)        000F82
_PORTD                        (abs)        000F83
_Port_BBSPIInit               text6        003C08
_SendByteBBSPI                text34       003844
_T0CON                        (abs)        000FD5
_T1CON                        (abs)        000FCD
_T1CONbits                    (abs)        000FCD
_TEMP_SWAP                    dataBANK0    0000E0
_TIME_SWAP                    dataBANK0    0000E1
_TMR0                         (abs)        000FD6
_TMR1H                        (abs)        000FCF
_TMR1L                        (abs)        000FCE
_TRISAbits                    (abs)        000F92
_TRISBbits                    (abs)        000F93
_TRISCbits                    (abs)        000F94
_TRISD                        (abs)        000F95
_TRISFbits                    (abs)        000F97
_WritePort_BBSPI              text33       003BE8
__CFG_BOREN$OFF               (abs)        000000
__CFG_FCMEN$OFF               (abs)        000000
__CFG_IESO$OFF                (abs)        000000
__CFG_LVP$OFF                 (abs)        000000
__CFG_MCLRE$ON                (abs)        000000
__CFG_OSC$INTIO7              (abs)        000000
__CFG_PWRT$OFF                (abs)        000000
__CFG_WDT$OFF                 (abs)        000000
__CFG_XINST$OFF               (abs)        000000
__HRAM                        (abs)        000000
__Habs1                       abs1         000000
__Hbank0                      bank0        000000
__Hbank1                      bank1        000000
__Hbank10                     bank10       000000
__Hbank11                     bank11       000000
__Hbank12                     bank12       000000
__Hbank13                     bank13       000000
__Hbank14                     bank14       000000
__Hbank15                     bank15       000000
__Hbank2                      bank2        000000
__Hbank3                      bank3        000000
__Hbank4                      bank4        000000
__Hbank5                      bank5        000000
__Hbank6                      bank6        000000
__Hbank7                      bank7        000000
__Hbank8                      bank8        000000
__Hbank9                      bank9        000000
__Hbigbss                     bigbss       000000
__Hbigdata                    bigdata      000000
__Hbigram                     bigram       000000
__Hbss                        bss          000000
__HbssBANK0                   bssBANK0     000000
__HbssBANK1                   bssBANK1     000000
__HbssCOMRAM                  bssCOMRAM    000000
__Hcinit                      cinit        000000
__Hclrtext                    clrtext      000000
__Hcomram                     comram       000000
__Hconfig                     config       30000E
__Hconst                      const        000000
__HcstackBANK0                cstackBANK0  000000
__HcstackCOMRAM               cstackCOMRAM 000000
__Hdata                       data         000000
__HdataBANK0                  dataBANK0    000000
__HdataCOMRAM                 dataCOMRAM   000000
__Heeprom_data                eeprom_data  000000
__Hfarbss                     farbss       000000
__Hfardata                    fardata      000000
__Hibigdata                   ibigdata     000000
__Hidata                      idata        000000
__HidataBANK0                 idataBANK0   000000
__HidataCOMRAM                idataCOMRAM  000000
__Hidloc                      idloc        200008
__Hifardata                   ifardata     000000
__Hinit                       init         000012
__Hintcode                    intcode      00000E
__Hintcode_body               intcode_body 000000
__Hintcodelo                  intcodelo    00000E
__Hintentry                   intentry     000000
__Hintret                     intret       000000
__Hintsave_regs               intsave_regs 000000
__Hirdata                     irdata       000000
__Hmediumconst                mediumconst  000000
__HnvFARRAM                   nvFARRAM     000000
__Hnvbit                      nvbit        000000
__Hnvrram                     nvrram       000000
__Hparam                      rparam       000000
__Hpowerup                    powerup      00000E
__Hram                        ram          000000
__Hramtop                     ramtop       001000
__Hrbit                       rbit         000000
__Hrbss                       rbss         000000
__Hrdata                      rdata        000000
__Hreset_vec                  reset_vec    000004
__Hrparam                     rparam       000000
__Hsfr                        sfr          000000
__Hsmallconst                 smallconst   0010A6
__Hspace_0                    (abs)        30000E
__Hspace_1                    (abs)        0001E6
__Hspace_2                    (abs)        000000
__Hstack                      stack        000000
__Hstruct                     struct       000000
__Htemp                       temp         00005E
__Htext                       text         000000
__Htext0                      text0        000000
__Htext1                      text1        000000
__Htext10                     text10       000000
__Htext11                     text11       000000
__Htext12                     text12       000000
__Htext13                     text13       000000
__Htext14                     text14       000000
__Htext15                     text15       000000
__Htext16                     text16       000000
__Htext17                     text17       000000
__Htext18                     text18       000000
__Htext19                     text19       000000
__Htext2                      text2        000000
__Htext20                     text20       000000
__Htext21                     text21       000000
__Htext22                     text22       000000
__Htext23                     text23       000000
__Htext24                     text24       000000
__Htext25                     text25       000000
__Htext26                     text26       000000
__Htext27                     text27       000000
__Htext28                     text28       000000
__Htext29                     text29       000000
__Htext3                      text3        000000
__Htext30                     text30       000000
__Htext31                     text31       000000
__Htext32                     text32       000000
__Htext33                     text33       000000
__Htext34                     text34       000000
__Htext36                     text36       000000
__Htext37                     text37       000000
__Htext38                     text38       000000
__Htext39                     text39       000000
__Htext4                      text4        000000
__Htext5                      text5        000000
__Htext6                      text6        000000
__Htext7                      text7        000000
__Htext8                      text8        000000
__Htext9                      text9        000000
__LRAM                        (abs)        000001
__Labs1                       abs1         000000
__Lbank0                      bank0        000000
__Lbank1                      bank1        000000
__Lbank10                     bank10       000000
__Lbank11                     bank11       000000
__Lbank12                     bank12       000000
__Lbank13                     bank13       000000
__Lbank14                     bank14       000000
__Lbank15                     bank15       000000
__Lbank2                      bank2        000000
__Lbank3                      bank3        000000
__Lbank4                      bank4        000000
__Lbank5                      bank5        000000
__Lbank6                      bank6        000000
__Lbank7                      bank7        000000
__Lbank8                      bank8        000000
__Lbank9                      bank9        000000
__Lbigbss                     bigbss       000000
__Lbigdata                    bigdata      000000
__Lbigram                     bigram       000000
__Lbss                        bss          000000
__LbssBANK0                   bssBANK0     000000
__LbssBANK1                   bssBANK1     000000
__LbssCOMRAM                  bssCOMRAM    000000
__Lcinit                      cinit        000000
__Lclrtext                    clrtext      000000
__Lcomram                     comram       000000
__Lconfig                     config       300000
__Lconst                      const        000000
__LcstackBANK0                cstackBANK0  000000
__LcstackCOMRAM               cstackCOMRAM 000000
__Ldata                       data         000000
__LdataBANK0                  dataBANK0    000000
__LdataCOMRAM                 dataCOMRAM   000000
__Leeprom_data                eeprom_data  000000
__Lfarbss                     farbss       000000
__Lfardata                    fardata      000000
__Libigdata                   ibigdata     000000
__Lidata                      idata        000000
__LidataBANK0                 idataBANK0   000000
__LidataCOMRAM                idataCOMRAM  000000
__Lidloc                      idloc        200000
__Lifardata                   ifardata     000000
__Linit                       init         00000E
__Lintcode                    intcode      000008
__Lintcode_body               intcode_body 000000
__Lintcodelo                  intcodelo    00000E
__Lintentry                   intentry     000000
__Lintret                     intret       000000
__Lintsave_regs               intsave_regs 000000
__Lirdata                     irdata       000000
__Lmediumconst                mediumconst  000000
__LnvFARRAM                   nvFARRAM     000000
__Lnvbit                      nvbit        000000
__Lnvrram                     nvrram       000000
__Lparam                      rparam       000000
__Lpowerup                    powerup      00000E
__Lram                        ram          000000
__Lramtop                     ramtop       001000
__Lrbit                       rbit         000000
__Lrbss                       rbss         000000
__Lrdata                      rdata        000000
__Lreset_vec                  reset_vec    000000
__Lrparam                     rparam       000000
__Lsfr                        sfr          000000
__Lsmallconst                 smallconst   001000
__Lspace_0                    (abs)        000000
__Lspace_1                    (abs)        000000
__Lspace_2                    (abs)        000000
__Lstack                      stack        000000
__Lstruct                     struct       000000
__Ltemp                       temp         00005D
__Ltext                       text         000000
__Ltext0                      text0        000000
__Ltext1                      text1        000000
__Ltext10                     text10       000000
__Ltext11                     text11       000000
__Ltext12                     text12       000000
__Ltext13                     text13       000000
__Ltext14                     text14       000000
__Ltext15                     text15       000000
__Ltext16                     text16       000000
__Ltext17                     text17       000000
__Ltext18                     text18       000000
__Ltext19                     text19       000000
__Ltext2                      text2        000000
__Ltext20                     text20       000000
__Ltext21                     text21       000000
__Ltext22                     text22       000000
__Ltext23                     text23       000000
__Ltext24                     text24       000000
__Ltext25                     text25       000000
__Ltext26                     text26       000000
__Ltext27                     text27       000000
__Ltext28                     text28       000000
__Ltext29                     text29       000000
__Ltext3                      text3        000000
__Ltext30                     text30       000000
__Ltext31                     text31       000000
__Ltext32                     text32       000000
__Ltext33                     text33       000000
__Ltext34                     text34       000000
__Ltext36                     text36       000000
__Ltext37                     text37       000000
__Ltext38                     text38       000000
__Ltext39                     text39       000000
__Ltext4                      text4        000000
__Ltext5                      text5        000000
__Ltext6                      text6        000000
__Ltext7                      text7        000000
__Ltext8                      text8        000000
__Ltext9                      text9        000000
__S0                          (abs)        30000E
__S1                          (abs)        0001E6
__S2                          (abs)        000000
___awdiv                      text30       00352E
___awdiv@counter              cstackBANK0  000064
___awdiv@dividend             cstackBANK0  000060
___awdiv@divisor              cstackBANK0  000062
___awdiv@quotient             cstackBANK0  000066
___awdiv@sign                 cstackBANK0  000065
___awmod                      text29       0036AA
___awmod@counter              cstackBANK0  000064
___awmod@dividend             cstackBANK0  000060
___awmod@divisor              cstackBANK0  000062
___awmod@sign                 cstackBANK0  000065
___extmem_base                (abs)        020000
___inthi_sp                   stack        000000
___intlo_sp                   stack        000000
___param_bank                 (abs)        000000
___rparam_used                (abs)        000001
___sp                         stack        000000
___wmul                       text24       003B9A
___wmul@multiplicand          cstackBANK0  000062
___wmul@multiplier            cstackBANK0  000060
___wmul@product               cstackBANK0  000064
__accesstop                   (abs)        000060
__activetblptr                (abs)        000003
__end_of_FSM                  text20       002C48
__end_of_InitBBSPI            text7        003C4E
__end_of_LCDInit              text5        003914
__end_of_LCDPutChar           text32       0039BC
__end_of_LCDPutInst           text31       003968
__end_of_LCDPutStr            text27       003ADA
__end_of_Port_BBSPIInit       text6        003C26
__end_of_SendByteBBSPI        text34       0038AE
__end_of_WritePort_BBSPI      text33       003C08
__end_of___awdiv              text30       0035F4
__end_of___awmod              text29       00375C
__end_of___wmul               text24       003BC2
__end_of__initialization      cinit        00383A
__end_of_add_tasks            text37       0020E2
__end_of_dispatch             text13       00344C
__end_of_displayDHT           text28       0036AA
__end_of_display_state        text26       002858
__end_of_getByte              text19       00352E
__end_of_increaseButton       text25       002A60
__end_of_initDisplayDHT       text12       003B44
__end_of_initial_BUTTON       text11       003C6C
__end_of_initial_INTERRUPT    text10       003C74
__end_of_initial_LED          text9        003C62
__end_of_initial_OSSCON       text8        003C58
__end_of_initial_SYSTEM       text3        003C3C
__end_of_initial_display      text4        003A0A
__end_of_initial_register     text2        00320C
__end_of_main                 text0        003B9A
__end_of_main_interrupt       intcode_body 003332
__end_of_readDHT              text18       0030CC
__end_of_readTempAndHumid     text15       003B70
__end_of_read_button_A        text16       003A54
__end_of_read_button_B        text14       003A9A
__end_of_register_timer       text23       001920
__end_of_remove_timer         text22       00254E
__end_of_start_timer          text1        0037D8
__end_of_swap_machine         text17       003B14
__end_of_switch_button_state  text21       002E28
__end_of_timer_ISR            text36       002F88
__end_ofi2___wmul             text38       003BE8
__initialization              cinit        0037D8
__mediumconst                 mediumconst  000000
__pbssBANK0                   bssBANK0     0000B1
__pbssBANK1                   bssBANK1     000100
__pbssCOMRAM                  bssCOMRAM    000044
__pcinit                      cinit        0037D8
__pcstackBANK0                cstackBANK0  000060
__pcstackCOMRAM               cstackCOMRAM 000001
__pdataBANK0                  dataBANK0    0000E0
__pdataCOMRAM                 dataCOMRAM   00005A
__pidataBANK0                 idataBANK0   003C6C
__pidataCOMRAM                idataCOMRAM  003C74
__pintcode                    intcode      000008
__pintcode_body               intcode_body 00320C
__psmallconst                 smallconst   001000
__ptext0                      text0        003B70
__ptext1                      text1        00375C
__ptext10                     text10       003C70
__ptext11                     text11       003C62
__ptext12                     text12       003B14
__ptext13                     text13       003332
__ptext14                     text14       003A54
__ptext15                     text15       003B44
__ptext16                     text16       003A0A
__ptext17                     text17       003ADA
__ptext18                     text18       002F88
__ptext19                     text19       00344C
__ptext2                      text2        0030CC
__ptext20                     text20       002A60
__ptext21                     text21       002C48
__ptext22                     text22       0020E2
__ptext23                     text23       0010A6
__ptext24                     text24       003B9A
__ptext25                     text25       002858
__ptext26                     text26       00254E
__ptext27                     text27       003A9A
__ptext28                     text28       0035F4
__ptext29                     text29       0036AA
__ptext3                      text3        003C26
__ptext30                     text30       00352E
__ptext31                     text31       003914
__ptext32                     text32       003968
__ptext33                     text33       003BE8
__ptext34                     text34       003844
__ptext36                     text36       002E28
__ptext37                     text37       001920
__ptext38                     text38       003BC2
__ptext39                     text39       000000
__ptext4                      text4        0039BC
__ptext5                      text5        0038AE
__ptext6                      text6        003C08
__ptext7                      text7        003C3C
__ptext8                      text8        003C4E
__ptext9                      text9        003C58
__ramtop                      ramtop       001000
__size_of_FSM                 (abs)        000000
__size_of_InitBBSPI           (abs)        000000
__size_of_LCDInit             (abs)        000000
__size_of_LCDPutChar          (abs)        000000
__size_of_LCDPutInst          (abs)        000000
__size_of_LCDPutStr           (abs)        000000
__size_of_Port_BBSPIInit      (abs)        000000
__size_of_SendByteBBSPI       (abs)        000000
__size_of_WritePort_BBSPI     (abs)        000000
__size_of___awdiv             (abs)        000000
__size_of___awmod             (abs)        000000
__size_of___wmul              (abs)        000000
__size_of_add_tasks           (abs)        000000
__size_of_dispatch            (abs)        000000
__size_of_displayDHT          (abs)        000000
__size_of_display_state       (abs)        000000
__size_of_getByte             (abs)        000000
__size_of_increaseButton      (abs)        000000
__size_of_initDisplayDHT      (abs)        000000
__size_of_initial_BUTTON      (abs)        000000
__size_of_initial_INTERRUPT   (abs)        000000
__size_of_initial_LED         (abs)        000000
__size_of_initial_OSSCON      (abs)        000000
__size_of_initial_SYSTEM      (abs)        000000
__size_of_initial_display     (abs)        000000
__size_of_initial_register    (abs)        000000
__size_of_main                (abs)        000000
__size_of_main_interrupt      (abs)        000000
__size_of_readDHT             (abs)        000000
__size_of_readTempAndHumid    (abs)        000000
__size_of_read_button_A       (abs)        000000
__size_of_read_button_B       (abs)        000000
__size_of_register_timer      (abs)        000000
__size_of_remove_timer        (abs)        000000
__size_of_start_timer         (abs)        000000
__size_of_swap_machine        (abs)        000000
__size_of_switch_button_state (abs)        000000
__size_of_timer_ISR           (abs)        000000
__size_ofi2___wmul            (abs)        000000
__smallconst                  smallconst   001000
_add_tasks                    text37       001920
_add_tasks$2323               cstackCOMRAM 000023
_add_tasks$2324               cstackCOMRAM 000021
_button_A                     bssBANK0     0000DE
_button_B                     bssBANK0     0000DD
_count_count                  bssCOMRAM    00004E
_dispatch                     text13       003332
_displayDHT                   text28       0035F4
_display_state                text26       00254E
_execution                    bssBANK0     0000B1
_first_read_A                 dataCOMRAM   00005C
_first_read_B                 dataBANK0    0000E3
_getByte                      text19       00344C
_hold_but_B                   bssBANK0     0000DC
_humidity                     bssBANK0     0000D9
_humidity_dht11               bssBANK0     0000C5
_humidity_old                 bssBANK0     0000D7
_id_hold_but_B                bssCOMRAM    000058
_increaseButton               text25       002858
_initDisplayDHT               text12       003B14
_initial_BUTTON               text11       003C62
_initial_INTERRUPT            text10       003C70
_initial_LED                  text9        003C58
_initial_OSSCON               text8        003C4E
_initial_SYSTEM               text3        003C26
_initial_display              text4        0039BC
_initial_register             text2        0030CC
_ledVal                       bssCOMRAM    00004C
_main                         text0        003B70
_main_interrupt               intcode      000008
_readDHT                      text18       002F88
_readTempAndHumid             text15       003B44
_read_button_A                text16       003A0A
_read_button_B                text14       003A54
_register_timer               text23       0010A6
_register_timer$2310          cstackBANK0  000097
_register_timer$2311          cstackBANK0  000093
_remove_tasks                 bssBANK0     0000CF
_remove_timer                 text22       0020E2
_remove_timer$2312            cstackBANK0  000072
_second_read_A                bssCOMRAM    000059
_second_read_B                bssBANK0     0000DF
_setting                      bssBANK0     0000DB
_start_timer                  text1        00375C
_state_machine                bssCOMRAM    000057
_state_working                bssCOMRAM    000056
_swap_machine                 text17       003ADA
_switch_button_state          text21       002C48
_tasks                        bssBANK1     000100
_temp_heat_up                 bssBANK0     0000D5
_temp_humidity                bssCOMRAM    000052
_temperature                  bssBANK0     0000DA
_temperature_dht11            bssBANK0     0000C7
_temperature_old              bssBANK0     0000D8
_time                         bssCOMRAM    000044
_time_checkout_HEATER         bssBANK0     0000D3
_time_checkout_HEATPUMB       bssBANK0     0000D1
_timer_ISR                    text36       002E28
add_tasks@id                  cstackCOMRAM 000007
add_tasks@temp_delay          cstackCOMRAM 000025
add_tasks@temp_next           cstackCOMRAM 00002D
btemp                         temp         00005D
dispatch@i                    cstackBANK0  00006F
display_state@state           cstackBANK0  000068
end_of_initialization         cinit        00383A
getByte@i                     cstackBANK0  000062
getByte@j                     cstackBANK0  000065
getByte@timeOut               cstackBANK0  000063
i2___wmul                     text38       003BC2
i2___wmul@multiplicand        cstackCOMRAM 000003
i2___wmul@multiplier          cstackCOMRAM 000001
i2___wmul@product             cstackCOMRAM 000005
initial_register@temp         cstackBANK0  0000A3
int$flags                     temp         00005D
int_func                      intcode_body 00320C
intlevel0                     text         000000
intlevel1                     text         000000
intlevel2                     text         000000
intlevel3                     text         000000
readDHT@checkSum              cstackBANK0  000068
readDHT@timeOut               cstackBANK0  000069
register_timer@callback       cstackBANK0  000076
register_timer@data           cstackBANK0  000079
register_timer@delay          cstackBANK0  000066
register_timer@i              cstackBANK0  000095
register_timer@period         cstackBANK0  00006E
register_timer@temp_delay     cstackBANK0  000099
register_timer@temp_index     cstackBANK0  0000A1
remove_timer@id               cstackBANK0  000066
remove_timer@temp_index       cstackBANK0  000074
stackhi                       (abs)        000F5F
stacklo                       (abs)        0001E6
start                         init         00000E
start_initialization          cinit        0037D8
start_timer@time_vaddr        cstackBANK0  000064
start_timer@type              cstackBANK0  000060
timer_ISR@i                   cstackCOMRAM 00003B
timer_ISR@temp                cstackCOMRAM 000039
ttemp5                        temp         00005E
ttemp6                        temp         000061
ttemp7                        temp         000065
wtemp8                        temp         00005E


FUNCTION INFORMATION:

 *************** function _main *****************
 Defined at:
		line 35 in file "main.c"
 Parameters:    Size  Location     Type
		None
 Auto vars:     Size  Location     Type
		None
 Return value:  Size  Location     Type
                  1    wreg      void 
 Registers used:
		wreg, fsr1l, fsr1h, fsr2l, fsr2h, status,2, status,0, pclath, tosl, tblptrl, tblptrh, tblptru, prodl, prodh, cstack
 Tracked objects:
		On entry : 
		On exit  : 
		Unchanged: 
 Data sizes:     COMRAM   BANK0   BANK1   BANK2   BANK3   BANK4   BANK5   BANK6   BANK7   BANK8   BANK9  BANK10  BANK11  BANK12  BANK13  BANK14  BANK15
      Params:         0       0       0       0       0       0       0       0       0       0       0       0       0       0       0       0       0
      Locals:         0       0       0       0       0       0       0       0       0       0       0       0       0       0       0       0       0
      Temps:          0       0       0       0       0       0       0       0       0       0       0       0       0       0       0       0       0
      Totals:         0       0       0       0       0       0       0       0       0       0       0       0       0       0       0       0       0
Total ram usage:        0 bytes
 Hardware stack levels required when called:   11
 This function calls:
		_FSM
		_dispatch
		_initDisplayDHT
		_initial_SYSTEM
		_initial_register
		_start_timer
 This function is called by:
		Startup code after reset
 This function uses a non-reentrant model


 *************** function _start_timer *****************
 Defined at:
		line 15 in file "driver.c"
 Parameters:    Size  Location     Type
  type            2    0[BANK0 ] int 
 Auto vars:     Size  Location     Type
  time_vaddr      1    4[BANK0 ] enum E4656
 Return value:  Size  Location     Type
                  1    wreg      void 
 Registers used:
		wreg, status,2, status,0
 Tracked objects:
		On entry : 
		On exit  : 
		Unchanged: 
 Data sizes:     COMRAM   BANK0   BANK1   BANK2   BANK3   BANK4   BANK5   BANK6   BANK7   BANK8   BANK9  BANK10  BANK11  BANK12  BANK13  BANK14  BANK15
      Params:         0       2       0       0       0       0       0       0       0       0       0       0       0       0       0       0       0
      Locals:         0       1       0       0       0       0       0       0       0       0       0       0       0       0       0       0       0
      Temps:          0       2       0       0       0       0       0       0       0       0       0       0       0       0       0       0       0
      Totals:         0       5       0       0       0       0       0       0       0       0       0       0       0       0       0       0       0
Total ram usage:        5 bytes
 Hardware stack levels used:    1
 Hardware stack levels required when called:    4
 This function calls:
		Nothing
 This function is called by:
		_main
 This function uses a non-reentrant model


 *************** function _initial_register *****************
 Defined at:
		line 29 in file "register.c"
 Parameters:    Size  Location     Type
		None
 Auto vars:     Size  Location     Type
  temp            4   67[BANK0 ] unsigned long 
 Return value:  Size  Location     Type
                  1    wreg      void 
 Registers used:
		wreg, fsr1l, fsr1h, fsr2l, fsr2h, status,2, status,0, prodl, prodh, cstack
 Tracked objects:
		On entry : 
		On exit  : 
		Unchanged: 
 Data sizes:     COMRAM   BANK0   BANK1   BANK2   BANK3   BANK4   BANK5   BANK6   BANK7   BANK8   BANK9  BANK10  BANK11  BANK12  BANK13  BANK14  BANK15
      Params:         0       0       0       0       0       0       0       0       0       0       0       0       0       0       0       0       0
      Locals:         0       4       0       0       0       0       0       0       0       0       0       0       0       0       0       0       0
      Temps:          0       0       0       0       0       0       0       0       0       0       0       0       0       0       0       0       0
      Totals:         0       4       0       0       0       0       0       0       0       0       0       0       0       0       0       0       0
Total ram usage:        4 bytes
 Hardware stack levels used:    1
 Hardware stack levels required when called:    6
 This function calls:
		_register_timer
 This function is called by:
		_main
 This function uses a non-reentrant model


 *************** function _initial_SYSTEM *****************
 Defined at:
		line 6 in file "initial.c"
 Parameters:    Size  Location     Type
		None
 Auto vars:     Size  Location     Type
		None
 Return value:  Size  Location     Type
                  1    wreg      void 
 Registers used:
		wreg, status,2, status,0, tblptrl, tblptrh, tblptru, cstack
 Tracked objects:
		On entry : 
		On exit  : 
		Unchanged: 
 Data sizes:     COMRAM   BANK0   BANK1   BANK2   BANK3   BANK4   BANK5   BANK6   BANK7   BANK8   BANK9  BANK10  BANK11  BANK12  BANK13  BANK14  BANK15
      Params:         0       0       0       0       0       0       0       0       0       0       0       0       0       0       0       0       0
      Locals:         0       0       0       0       0       0       0       0       0       0       0       0       0       0       0       0       0
      Temps:          0       0       0       0       0       0       0       0       0       0       0       0       0       0       0       0       0
      Totals:         0       0       0       0       0       0       0       0       0       0       0       0       0       0       0       0       0
Total ram usage:        0 bytes
 Hardware stack levels used:    1
 Hardware stack levels required when called:    9
 This function calls:
		_initial_BUTTON
		_initial_INTERRUPT
		_initial_LED
		_initial_OSSCON
		_initial_display
 This function is called by:
		_main
 This function uses a non-reentrant model


 *************** function _initial_display *****************
 Defined at:
		line 14 in file "display.c"
 Parameters:    Size  Location     Type
		None
 Auto vars:     Size  Location     Type
		None
 Return value:  Size  Location     Type
                  1    wreg      void 
 Registers used:
		wreg, status,2, status,0, tblptrl, tblptrh, tblptru, cstack
 Tracked objects:
		On entry : 
		On exit  : 
		Unchanged: 
 Data sizes:     COMRAM   BANK0   BANK1   BANK2   BANK3   BANK4   BANK5   BANK6   BANK7   BANK8   BANK9  BANK10  BANK11  BANK12  BANK13  BANK14  BANK15
      Params:         0       0       0       0       0       0       0       0       0       0       0       0       0       0       0       0       0
      Locals:         0       0       0       0       0       0       0       0       0       0       0       0       0       0       0       0       0
      Temps:          0       2       0       0       0       0       0       0       0       0       0       0       0       0       0       0       0
      Totals:         0       2       0       0       0       0       0       0       0       0       0       0       0       0       0       0       0
Total ram usage:        2 bytes
 Hardware stack levels used:    1
 Hardware stack levels required when called:    8
 This function calls:
		_LCDInit
		_LCDPutInst
		_LCDPutStr
 This function is called by:
		_initial_SYSTEM
 This function uses a non-reentrant model


 *************** function _LCDInit *****************
 Defined at:
		line 46 in file "BBSPI_LCD.c"
 Parameters:    Size  Location     Type
		None
 Auto vars:     Size  Location     Type
		None
 Return value:  Size  Location     Type
                  1    wreg      void 
 Registers used:
		wreg, status,2, status,0, cstack
 Tracked objects:
		On entry : 
		On exit  : 
		Unchanged: 
 Data sizes:     COMRAM   BANK0   BANK1   BANK2   BANK3   BANK4   BANK5   BANK6   BANK7   BANK8   BANK9  BANK10  BANK11  BANK12  BANK13  BANK14  BANK15
      Params:         0       0       0       0       0       0       0       0       0       0       0       0       0       0       0       0       0
      Locals:         0       0       0       0       0       0       0       0       0       0       0       0       0       0       0       0       0
      Temps:          0       1       0       0       0       0       0       0       0       0       0       0       0       0       0       0       0
      Totals:         0       1       0       0       0       0       0       0       0       0       0       0       0       0       0       0       0
Total ram usage:        1 bytes
 Hardware stack levels used:    1
 Hardware stack levels required when called:    7
 This function calls:
		_InitBBSPI
		_LCDPutInst
		_Port_BBSPIInit
		_WritePort_BBSPI
 This function is called by:
		_initial_display
 This function uses a non-reentrant model


 *************** function _Port_BBSPIInit *****************
 Defined at:
		line 124 in file "BBSPI_LCD.c"
 Parameters:    Size  Location     Type
  port_dir        1    wreg     unsigned char 
 Auto vars:     Size  Location     Type
  port_dir        1    3[BANK0 ] unsigned char 
 Return value:  Size  Location     Type
                  1    wreg      void 
 Registers used:
		wreg, status,2, status,0, cstack
 Tracked objects:
		On entry : 
		On exit  : 
		Unchanged: 
 Data sizes:     COMRAM   BANK0   BANK1   BANK2   BANK3   BANK4   BANK5   BANK6   BANK7   BANK8   BANK9  BANK10  BANK11  BANK12  BANK13  BANK14  BANK15
      Params:         0       0       0       0       0       0       0       0       0       0       0       0       0       0       0       0       0
      Locals:         0       1       0       0       0       0       0       0       0       0       0       0       0       0       0       0       0
      Temps:          0       0       0       0       0       0       0       0       0       0       0       0       0       0       0       0       0
      Totals:         0       1       0       0       0       0       0       0       0       0       0       0       0       0       0       0       0
Total ram usage:        1 bytes
 Hardware stack levels used:    1
 Hardware stack levels required when called:    5
 This function calls:
		_SendByteBBSPI
 This function is called by:
		_LCDInit
 This function uses a non-reentrant model


 *************** function _InitBBSPI *****************
 Defined at:
		line 71 in file "BBSPI_LCD.c"
 Parameters:    Size  Location     Type
		None
 Auto vars:     Size  Location     Type
		None
 Return value:  Size  Location     Type
                  1    wreg      void 
 Registers used:
		None
 Tracked objects:
		On entry : 
		On exit  : 
		Unchanged: 
 Data sizes:     COMRAM   BANK0   BANK1   BANK2   BANK3   BANK4   BANK5   BANK6   BANK7   BANK8   BANK9  BANK10  BANK11  BANK12  BANK13  BANK14  BANK15
      Params:         0       0       0       0       0       0       0       0       0       0       0       0       0       0       0       0       0
      Locals:         0       0       0       0       0       0       0       0       0       0       0       0       0       0       0       0       0
      Temps:          0       0       0       0       0       0       0       0       0       0       0       0       0       0       0       0       0
      Totals:         0       0       0       0       0       0       0       0       0       0       0       0       0       0       0       0       0
Total ram usage:        0 bytes
 Hardware stack levels used:    1
 Hardware stack levels required when called:    4
 This function calls:
		Nothing
 This function is called by:
		_LCDInit
 This function uses a non-reentrant model


 *************** function _initial_OSSCON *****************
 Defined at:
		line 14 in file "initial.c"
 Parameters:    Size  Location     Type
		None
 Auto vars:     Size  Location     Type
		None
 Return value:  Size  Location     Type
                  1    wreg      void 
 Registers used:
		wreg, status,2
 Tracked objects:
		On entry : 
		On exit  : 
		Unchanged: 
 Data sizes:     COMRAM   BANK0   BANK1   BANK2   BANK3   BANK4   BANK5   BANK6   BANK7   BANK8   BANK9  BANK10  BANK11  BANK12  BANK13  BANK14  BANK15
      Params:         0       0       0       0       0       0       0       0       0       0       0       0       0       0       0       0       0
      Locals:         0       0       0       0       0       0       0       0       0       0       0       0       0       0       0       0       0
      Temps:          0       0       0       0       0       0       0       0       0       0       0       0       0       0       0       0       0
      Totals:         0       0       0       0       0       0       0       0       0       0       0       0       0       0       0       0       0
Total ram usage:        0 bytes
 Hardware stack levels used:    1
 Hardware stack levels required when called:    4
 This function calls:
		Nothing
 This function is called by:
		_initial_SYSTEM
 This function uses a non-reentrant model


 *************** function _initial_LED *****************
 Defined at:
		line 19 in file "initial.c"
 Parameters:    Size  Location     Type
		None
 Auto vars:     Size  Location     Type
		None
 Return value:  Size  Location     Type
                  1    wreg      void 
 Registers used:
		wreg, status,2
 Tracked objects:
		On entry : 
		On exit  : 
		Unchanged: 
 Data sizes:     COMRAM   BANK0   BANK1   BANK2   BANK3   BANK4   BANK5   BANK6   BANK7   BANK8   BANK9  BANK10  BANK11  BANK12  BANK13  BANK14  BANK15
      Params:         0       0       0       0       0       0       0       0       0       0       0       0       0       0       0       0       0
      Locals:         0       0       0       0       0       0       0       0       0       0       0       0       0       0       0       0       0
      Temps:          0       0       0       0       0       0       0       0       0       0       0       0       0       0       0       0       0
      Totals:         0       0       0       0       0       0       0       0       0       0       0       0       0       0       0       0       0
Total ram usage:        0 bytes
 Hardware stack levels used:    1
 Hardware stack levels required when called:    4
 This function calls:
		Nothing
 This function is called by:
		_initial_SYSTEM
 This function uses a non-reentrant model


 *************** function _initial_INTERRUPT *****************
 Defined at:
		line 30 in file "initial.c"
 Parameters:    Size  Location     Type
		None
 Auto vars:     Size  Location     Type
		None
 Return value:  Size  Location     Type
                  1    wreg      void 
 Registers used:
		None
 Tracked objects:
		On entry : 
		On exit  : 
		Unchanged: 
 Data sizes:     COMRAM   BANK0   BANK1   BANK2   BANK3   BANK4   BANK5   BANK6   BANK7   BANK8   BANK9  BANK10  BANK11  BANK12  BANK13  BANK14  BANK15
      Params:         0       0       0       0       0       0       0       0       0       0       0       0       0       0       0       0       0
      Locals:         0       0       0       0       0       0       0       0       0       0       0       0       0       0       0       0       0
      Temps:          0       0       0       0       0       0       0       0       0       0       0       0       0       0       0       0       0
      Totals:         0       0       0       0       0       0       0       0       0       0       0       0       0       0       0       0       0
Total ram usage:        0 bytes
 Hardware stack levels used:    1
 Hardware stack levels required when called:    4
 This function calls:
		Nothing
 This function is called by:
		_initial_SYSTEM
 This function uses a non-reentrant model


 *************** function _initial_BUTTON *****************
 Defined at:
		line 24 in file "initial.c"
 Parameters:    Size  Location     Type
		None
 Auto vars:     Size  Location     Type
		None
 Return value:  Size  Location     Type
                  1    wreg      void 
 Registers used:
		wreg, status,2
 Tracked objects:
		On entry : 
		On exit  : 
		Unchanged: 
 Data sizes:     COMRAM   BANK0   BANK1   BANK2   BANK3   BANK4   BANK5   BANK6   BANK7   BANK8   BANK9  BANK10  BANK11  BANK12  BANK13  BANK14  BANK15
      Params:         0       0       0       0       0       0       0       0       0       0       0       0       0       0       0       0       0
      Locals:         0       0       0       0       0       0       0       0       0       0       0       0       0       0       0       0       0
      Temps:          0       0       0       0       0       0       0       0       0       0       0       0       0       0       0       0       0
      Totals:         0       0       0       0       0       0       0       0       0       0       0       0       0       0       0       0       0
Total ram usage:        0 bytes
 Hardware stack levels used:    1
 Hardware stack levels required when called:    4
 This function calls:
		Nothing
 This function is called by:
		_initial_SYSTEM
 This function uses a non-reentrant model


 *************** function _initDisplayDHT *****************
 Defined at:
		line 24 in file "display.c"
 Parameters:    Size  Location     Type
		None
 Auto vars:     Size  Location     Type
		None
 Return value:  Size  Location     Type
                  1    wreg      void 
 Registers used:
		wreg, status,2, status,0, tblptrl, tblptrh, tblptru, cstack
 Tracked objects:
		On entry : 
		On exit  : 
		Unchanged: 
 Data sizes:     COMRAM   BANK0   BANK1   BANK2   BANK3   BANK4   BANK5   BANK6   BANK7   BANK8   BANK9  BANK10  BANK11  BANK12  BANK13  BANK14  BANK15
      Params:         0       0       0       0       0       0       0       0       0       0       0       0       0       0       0       0       0
      Locals:         0       0       0       0       0       0       0       0       0       0       0       0       0       0       0       0       0
      Temps:          0       0       0       0       0       0       0       0       0       0       0       0       0       0       0       0       0
      Totals:         0       0       0       0       0       0       0       0       0       0       0       0       0       0       0       0       0
Total ram usage:        0 bytes
 Hardware stack levels used:    1
 Hardware stack levels required when called:    8
 This function calls:
		_LCDPutInst
		_LCDPutStr
 This function is called by:
		_main
 This function uses a non-reentrant model


 *************** function _dispatch *****************
 Defined at:
		line 151 in file "driver.c"
 Parameters:    Size  Location     Type
		None
 Auto vars:     Size  Location     Type
  i               2   15[BANK0 ] int 
 Return value:  Size  Location     Type
                  1    wreg      void 
 Registers used:
		wreg, fsr2l, fsr2h, status,2, status,0, pclath, tosl, prodl, prodh, cstack
 Tracked objects:
		On entry : 
		On exit  : 
		Unchanged: 
 Data sizes:     COMRAM   BANK0   BANK1   BANK2   BANK3   BANK4   BANK5   BANK6   BANK7   BANK8   BANK9  BANK10  BANK11  BANK12  BANK13  BANK14  BANK15
      Params:         0       0       0       0       0       0       0       0       0       0       0       0       0       0       0       0       0
      Locals:         0       2       0       0       0       0       0       0       0       0       0       0       0       0       0       0       0
      Temps:          0       2       0       0       0       0       0       0       0       0       0       0       0       0       0       0       0
      Totals:         0       4       0       0       0       0       0       0       0       0       0       0       0       0       0       0       0
Total ram usage:        4 bytes
 Hardware stack levels used:    1
 Hardware stack levels required when called:    7
 This function calls:
		___wmul
		_readTempAndHumid
		_read_button_A
		_read_button_B
		_swap_machine
 This function is called by:
		_main
 This function uses a non-reentrant model


 *************** function _read_button_B *****************
 Defined at:
		line 21 in file "button.c"
 Parameters:    Size  Location     Type
		None
 Auto vars:     Size  Location     Type
		None
 Return value:  Size  Location     Type
                  1    wreg      void 
 Registers used:
		wreg, status,2, status,0
 Tracked objects:
		On entry : 
		On exit  : 
		Unchanged: 
 Data sizes:     COMRAM   BANK0   BANK1   BANK2   BANK3   BANK4   BANK5   BANK6   BANK7   BANK8   BANK9  BANK10  BANK11  BANK12  BANK13  BANK14  BANK15
      Params:         0       2       0       0       0       0       0       0       0       0       0       0       0       0       0       0       0
      Locals:         0       0       0       0       0       0       0       0       0       0       0       0       0       0       0       0       0
      Temps:          0       0       0       0       0       0       0       0       0       0       0       0       0       0       0       0       0
      Totals:         0       2       0       0       0       0       0       0       0       0       0       0       0       0       0       0       0
Total ram usage:        2 bytes
 Hardware stack levels used:    1
 Hardware stack levels required when called:    4
 This function calls:
		Nothing
 This function is called by:
		_initial_register
		_dispatch
 This function uses a non-reentrant model


 *************** function _readTempAndHumid *****************
 Defined at:
		line 71 in file "dht.c"
 Parameters:    Size  Location     Type
		None
 Auto vars:     Size  Location     Type
		None
 Return value:  Size  Location     Type
                  1    wreg      void 
 Registers used:
		wreg, status,2, status,0, cstack
 Tracked objects:
		On entry : 
		On exit  : 
		Unchanged: 
 Data sizes:     COMRAM   BANK0   BANK1   BANK2   BANK3   BANK4   BANK5   BANK6   BANK7   BANK8   BANK9  BANK10  BANK11  BANK12  BANK13  BANK14  BANK15
      Params:         0       0       0       0       0       0       0       0       0       0       0       0       0       0       0       0       0
      Locals:         0       0       0       0       0       0       0       0       0       0       0       0       0       0       0       0       0
      Temps:          0       0       0       0       0       0       0       0       0       0       0       0       0       0       0       0       0
      Totals:         0       0       0       0       0       0       0       0       0       0       0       0       0       0       0       0       0
Total ram usage:        0 bytes
 Hardware stack levels used:    1
 Hardware stack levels required when called:    6
 This function calls:
		_readDHT
 This function is called by:
		_initial_register
		_dispatch
 This function uses a non-reentrant model


 *************** function _read_button_A *****************
 Defined at:
		line 10 in file "button.c"
 Parameters:    Size  Location     Type
		None
 Auto vars:     Size  Location     Type
		None
 Return value:  Size  Location     Type
                  1    wreg      void 
 Registers used:
		wreg, status,2, status,0
 Tracked objects:
		On entry : 
		On exit  : 
		Unchanged: 
 Data sizes:     COMRAM   BANK0   BANK1   BANK2   BANK3   BANK4   BANK5   BANK6   BANK7   BANK8   BANK9  BANK10  BANK11  BANK12  BANK13  BANK14  BANK15
      Params:         0       2       0       0       0       0       0       0       0       0       0       0       0       0       0       0       0
      Locals:         0       0       0       0       0       0       0       0       0       0       0       0       0       0       0       0       0
      Temps:          0       0       0       0       0       0       0       0       0       0       0       0       0       0       0       0       0
      Totals:         0       2       0       0       0       0       0       0       0       0       0       0       0       0       0       0       0
Total ram usage:        2 bytes
 Hardware stack levels used:    1
 Hardware stack levels required when called:    4
 This function calls:
		Nothing
 This function is called by:
		_initial_register
		_dispatch
 This function uses a non-reentrant model


 *************** function _swap_machine *****************
 Defined at:
		line 10 in file "register.c"
 Parameters:    Size  Location     Type
		None
 Auto vars:     Size  Location     Type
		None
 Return value:  Size  Location     Type
                  1    wreg      void 
 Registers used:
		wreg, status,2
 Tracked objects:
		On entry : 
		On exit  : 
		Unchanged: 
 Data sizes:     COMRAM   BANK0   BANK1   BANK2   BANK3   BANK4   BANK5   BANK6   BANK7   BANK8   BANK9  BANK10  BANK11  BANK12  BANK13  BANK14  BANK15
      Params:         0       2       0       0       0       0       0       0       0       0       0       0       0       0       0       0       0
      Locals:         0       0       0       0       0       0       0       0       0       0       0       0       0       0       0       0       0
      Temps:          0       0       0       0       0       0       0       0       0       0       0       0       0       0       0       0       0
      Totals:         0       2       0       0       0       0       0       0       0       0       0       0       0       0       0       0       0
Total ram usage:        2 bytes
 Hardware stack levels used:    1
 Hardware stack levels required when called:    4
 This function calls:
		Nothing
 This function is called by:
		_FSM
		_dispatch
 This function uses a non-reentrant model


 *************** function _readDHT *****************
 Defined at:
		line 31 in file "dht.c"
 Parameters:    Size  Location     Type
		None
 Auto vars:     Size  Location     Type
  timeOut         2    9[BANK0 ] unsigned int 
  checkSum        1    8[BANK0 ] unsigned char 
 Return value:  Size  Location     Type
                  1    wreg      unsigned char 
 Registers used:
		wreg, status,2, status,0, cstack
 Tracked objects:
		On entry : 
		On exit  : 
		Unchanged: 
 Data sizes:     COMRAM   BANK0   BANK1   BANK2   BANK3   BANK4   BANK5   BANK6   BANK7   BANK8   BANK9  BANK10  BANK11  BANK12  BANK13  BANK14  BANK15
      Params:         0       0       0       0       0       0       0       0       0       0       0       0       0       0       0       0       0
      Locals:         0       3       0       0       0       0       0       0       0       0       0       0       0       0       0       0       0
      Temps:          0       2       0       0       0       0       0       0       0       0       0       0       0       0       0       0       0
      Totals:         0       5       0       0       0       0       0       0       0       0       0       0       0       0       0       0       0
Total ram usage:        5 bytes
 Hardware stack levels used:    1
 Hardware stack levels required when called:    5
 This function calls:
		_getByte
 This function is called by:
		_readTempAndHumid
 This function uses a non-reentrant model


 *************** function _getByte *****************
 Defined at:
		line 12 in file "dht.c"
 Parameters:    Size  Location     Type
		None
 Auto vars:     Size  Location     Type
  timeOut         2    3[BANK0 ] unsigned int 
  j               1    5[BANK0 ] unsigned char 
  i               1    2[BANK0 ] unsigned char 
 Return value:  Size  Location     Type
                  1    wreg      unsigned char 
 Registers used:
		wreg, status,2, status,0
 Tracked objects:
		On entry : 
		On exit  : 
		Unchanged: 
 Data sizes:     COMRAM   BANK0   BANK1   BANK2   BANK3   BANK4   BANK5   BANK6   BANK7   BANK8   BANK9  BANK10  BANK11  BANK12  BANK13  BANK14  BANK15
      Params:         0       0       0       0       0       0       0       0       0       0       0       0       0       0       0       0       0
      Locals:         0       4       0       0       0       0       0       0       0       0       0       0       0       0       0       0       0
      Temps:          0       2       0       0       0       0       0       0       0       0       0       0       0       0       0       0       0
      Totals:         0       6       0       0       0       0       0       0       0       0       0       0       0       0       0       0       0
Total ram usage:        6 bytes
 Hardware stack levels used:    1
 Hardware stack levels required when called:    4
 This function calls:
		Nothing
 This function is called by:
		_readDHT
 This function uses a non-reentrant model


 *************** function _FSM *****************
 Defined at:
		line 17 in file "FSM.c"
 Parameters:    Size  Location     Type
		None
 Auto vars:     Size  Location     Type
  temp            4    0        unsigned long 
 Return value:  Size  Location     Type
                  1    wreg      void 
 Registers used:
		wreg, fsr1l, fsr1h, fsr2l, fsr2h, status,2, status,0, tblptrl, tblptrh, tblptru, prodl, prodh, cstack
 Tracked objects:
		On entry : 
		On exit  : 
		Unchanged: 
 Data sizes:     COMRAM   BANK0   BANK1   BANK2   BANK3   BANK4   BANK5   BANK6   BANK7   BANK8   BANK9  BANK10  BANK11  BANK12  BANK13  BANK14  BANK15
      Params:         0       0       0       0       0       0       0       0       0       0       0       0       0       0       0       0       0
      Locals:         0      12       0       0       0       0       0       0       0       0       0       0       0       0       0       0       0
      Temps:          0       2       0       0       0       0       0       0       0       0       0       0       0       0       0       0       0
      Totals:         0      14       0       0       0       0       0       0       0       0       0       0       0       0       0       0       0
Total ram usage:       14 bytes
 Hardware stack levels used:    1
 Hardware stack levels required when called:   10
 This function calls:
		___wmul
		_displayDHT
		_display_state
		_increaseButton
		_register_timer
		_switch_button_state
 This function is called by:
		_main
 This function uses a non-reentrant model


 *************** function _switch_button_state *****************
 Defined at:
		line 35 in file "button.c"
 Parameters:    Size  Location     Type
		None
 Auto vars:     Size  Location     Type
		None
 Return value:  Size  Location     Type
                  1    wreg      void 
 Registers used:
		wreg, fsr1l, fsr1h, fsr2l, fsr2h, status,2, status,0, tblptrl, tblptrh, tblptru, prodl, prodh, cstack
 Tracked objects:
		On entry : 
		On exit  : 
		Unchanged: 
 Data sizes:     COMRAM   BANK0   BANK1   BANK2   BANK3   BANK4   BANK5   BANK6   BANK7   BANK8   BANK9  BANK10  BANK11  BANK12  BANK13  BANK14  BANK15
      Params:         0       0       0       0       0       0       0       0       0       0       0       0       0       0       0       0       0
      Locals:         0       0       0       0       0       0       0       0       0       0       0       0       0       0       0       0       0
      Temps:          0       2       0       0       0       0       0       0       0       0       0       0       0       0       0       0       0
      Totals:         0       2       0       0       0       0       0       0       0       0       0       0       0       0       0       0       0
Total ram usage:        2 bytes
 Hardware stack levels used:    1
 Hardware stack levels required when called:    9
 This function calls:
		_display_state
		_remove_timer
 This function is called by:
		_FSM
 This function uses a non-reentrant model


 *************** function _remove_timer *****************
 Defined at:
		line 102 in file "driver.c"
 Parameters:    Size  Location     Type
  id              4    6[BANK0 ] unsigned long 
 Auto vars:     Size  Location     Type
  temp_index      2   20[BANK0 ] int 
 Return value:  Size  Location     Type
                  2    6[BANK0 ] int 
 Registers used:
		wreg, fsr1l, fsr1h, fsr2l, fsr2h, status,2, status,0, prodl, prodh, cstack
 Tracked objects:
		On entry : 
		On exit  : 
		Unchanged: 
 Data sizes:     COMRAM   BANK0   BANK1   BANK2   BANK3   BANK4   BANK5   BANK6   BANK7   BANK8   BANK9  BANK10  BANK11  BANK12  BANK13  BANK14  BANK15
      Params:         0       4       0       0       0       0       0       0       0       0       0       0       0       0       0       0       0
      Locals:         0       4       0       0       0       0       0       0       0       0       0       0       0       0       0       0       0
      Temps:          0       8       0       0       0       0       0       0       0       0       0       0       0       0       0       0       0
      Totals:         0      16       0       0       0       0       0       0       0       0       0       0       0       0       0       0       0
Total ram usage:       16 bytes
 Hardware stack levels used:    1
 Hardware stack levels required when called:    5
 This function calls:
		___wmul
 This function is called by:
		_switch_button_state
 This function uses a non-reentrant model


 *************** function _register_timer *****************
 Defined at:
		line 51 in file "driver.c"
 Parameters:    Size  Location     Type
  delay           8    6[BANK0 ] unsigned long long 
  period          8   14[BANK0 ] unsigned long long 
  callback        3   22[BANK0 ] PTR FTN()void 
		 -> read_button_B(1), readTempAndHumid(1), read_button_A(1), swap_machine(1), 
  data            2   25[BANK0 ] PTR void 
		 -> RAM(3935), NULL(0), 
 Auto vars:     Size  Location     Type
  temp_delay      8   57[BANK0 ] unsigned long long 
  temp_index      2   65[BANK0 ] int 
  i               2   53[BANK0 ] int 
  temp            2    0        unsigned int 
 Return value:  Size  Location     Type
                  4    6[BANK0 ] unsigned long 
 Registers used:
		wreg, fsr1l, fsr1h, fsr2l, fsr2h, status,2, status,0, prodl, prodh, cstack
 Tracked objects:
		On entry : 
		On exit  : 
		Unchanged: 
 Data sizes:     COMRAM   BANK0   BANK1   BANK2   BANK3   BANK4   BANK5   BANK6   BANK7   BANK8   BANK9  BANK10  BANK11  BANK12  BANK13  BANK14  BANK15
      Params:         0      21       0       0       0       0       0       0       0       0       0       0       0       0       0       0       0
      Locals:         0      16       0       0       0       0       0       0       0       0       0       0       0       0       0       0       0
[...]
 Registers used:
		wreg, status,2, status,0, cstack
 Tracked objects:
		On entry : 
		On exit  : 
		Unchanged: 
 Data sizes:     COMRAM   BANK0   BANK1   BANK2   BANK3   BANK4   BANK5   BANK6   BANK7   BANK8   BANK9  BANK10  BANK11  BANK12  BANK13  BANK14  BANK15
      Params:         0       0       0       0       0       0       0       0       0       0       0       0       0       0       0       0       0
      Locals:         0       0       0       0       0       0       0       0       0       0       0       0       0       0       0       0       0
      Temps:          0       0       0       0       0       0       0       0       0       0       0       0       0       0       0       0       0
      Totals:         0       0       0       0       0       0       0       0       0       0       0       0       0       0       0       0       0
Total ram usage:        0 bytes
 Hardware stack levels used:    1
 Hardware stack levels required when called:    7
 This function calls:
		_LCDPutChar
		_LCDPutInst
		___awdiv
		___awmod
 This function is called by:
		_FSM
 This function uses a non-reentrant model


 *************** function ___awmod *****************
 Defined at:
		line 7 in file "C:\Program Files (x86)\Microchip\xc8\v2.10\pic\sources\c99\common\awmod.c"
 Parameters:    Size  Location     Type
  dividend        2    0[BANK0 ] int 
  divisor         2    2[BANK0 ] int 
 Auto vars:     Size  Location     Type
  sign            1    5[BANK0 ] unsigned char 
  counter         1    4[BANK0 ] unsigned char 
 Return value:  Size  Location     Type
                  2    0[BANK0 ] int 
 Registers used:
		wreg, status,2, status,0
 Tracked objects:
		On entry : 
		On exit  : 
		Unchanged: 
 Data sizes:     COMRAM   BANK0   BANK1   BANK2   BANK3   BANK4   BANK5   BANK6   BANK7   BANK8   BANK9  BANK10  BANK11  BANK12  BANK13  BANK14  BANK15
      Params:         0       4       0       0       0       0       0       0       0       0       0       0       0       0       0       0       0
      Locals:         0       2       0       0       0       0       0       0       0       0       0       0       0       0       0       0       0
      Temps:          0       0       0       0       0       0       0       0       0       0       0       0       0       0       0       0       0
      Totals:         0       6       0       0       0       0       0       0       0       0       0       0       0       0       0       0       0
Total ram usage:        6 bytes
 Hardware stack levels used:    1
 Hardware stack levels required when called:    4
 This function calls:
		Nothing
 This function is called by:
		_increaseButton
		_displayDHT
		_display_state
 This function uses a non-reentrant model


 *************** function ___awdiv *****************
 Defined at:
		line 7 in file "C:\Program Files (x86)\Microchip\xc8\v2.10\pic\sources\c99\common\awdiv.c"
 Parameters:    Size  Location     Type
  dividend        2    0[BANK0 ] int 
  divisor         2    2[BANK0 ] int 
 Auto vars:     Size  Location     Type
  quotient        2    6[BANK0 ] int 
  sign            1    5[BANK0 ] unsigned char 
  counter         1    4[BANK0 ] unsigned char 
 Return value:  Size  Location     Type
                  2    0[BANK0 ] int 
 Registers used:
		wreg, status,2, status,0
 Tracked objects:
		On entry : 
		On exit  : 
		Unchanged: 
 Data sizes:     COMRAM   BANK0   BANK1   BANK2   BANK3   BANK4   BANK5   BANK6   BANK7   BANK8   BANK9  BANK10  BANK11  BANK12  BANK13  BANK14  BANK15
      Params:         0       4       0       0       0       0       0       0       0       0       0       0       0       0       0       0       0
      Locals:         0       4       0       0       0       0       0       0       0       0       0       0       0       0       0       0       0
      Temps:          0       0       0       0       0       0       0       0       0       0       0       0       0       0       0       0       0
      Totals:         0       8       0       0       0       0       0       0       0       0       0       0       0       0       0       0       0
Total ram usage:        8 bytes
 Hardware stack levels used:    1
 Hardware stack levels required when called:    4
 This function calls:
		Nothing
 This function is called by:
		_displayDHT
		_display_state
 This function uses a non-reentrant model


 *************** function _LCDPutInst *****************
 Defined at:
		line 180 in file "BBSPI_LCD.c"
 Parameters:    Size  Location     Type
  ch              1    wreg     unsigned char 
 Auto vars:     Size  Location     Type
  ch              1    5[BANK0 ] unsigned char 
 Return value:  Size  Location     Type
                  1    wreg      void 
 Registers used:
		wreg, status,2, status,0, cstack
 Tracked objects:
		On entry : 
		On exit  : 
		Unchanged: 
 Data sizes:     COMRAM   BANK0   BANK1   BANK2   BANK3   BANK4   BANK5   BANK6   BANK7   BANK8   BANK9  BANK10  BANK11  BANK12  BANK13  BANK14  BANK15
      Params:         0       0       0       0       0       0       0       0       0       0       0       0       0       0       0       0       0
      Locals:         0       1       0       0       0       0       0       0       0       0       0       0       0       0       0       0       0
      Temps:          0       0       0       0       0       0       0       0       0       0       0       0       0       0       0       0       0
      Totals:         0       1       0       0       0       0       0       0       0       0       0       0       0       0       0       0       0
Total ram usage:        1 bytes
 Hardware stack levels used:    1
 Hardware stack levels required when called:    6
 This function calls:
		_WritePort_BBSPI
 This function is called by:
		_LCDInit
		_initial_display
		_initDisplayDHT
		_displayDHT
		_display_state
 This function uses a non-reentrant model


 *************** function _LCDPutChar *****************
 Defined at:
		line 161 in file "BBSPI_LCD.c"
 Parameters:    Size  Location     Type
  ch              1    wreg     unsigned char 
 Auto vars:     Size  Location     Type
  ch              1    5[BANK0 ] unsigned char 
 Return value:  Size  Location     Type
                  1    wreg      void 
 Registers used:
		wreg, status,2, status,0, cstack
 Tracked objects:
		On entry : 
		On exit  : 
		Unchanged: 
 Data sizes:     COMRAM   BANK0   BANK1   BANK2   BANK3   BANK4   BANK5   BANK6   BANK7   BANK8   BANK9  BANK10  BANK11  BANK12  BANK13  BANK14  BANK15
      Params:         0       0       0       0       0       0       0       0       0       0       0       0       0       0       0       0       0
      Locals:         0       1       0       0       0       0       0       0       0       0       0       0       0       0       0       0       0
      Temps:          0       0       0       0       0       0       0       0       0       0       0       0       0       0       0       0       0
      Totals:         0       1       0       0       0       0       0       0       0       0       0       0       0       0       0       0       0
Total ram usage:        1 bytes
 Hardware stack levels used:    1
 Hardware stack levels required when called:    6
 This function calls:
		_WritePort_BBSPI
 This function is called by:
		_LCDPutStr
		_displayDHT
		_display_state
 This function uses a non-reentrant model


 *************** function _WritePort_BBSPI *****************
 Defined at:
		line 145 in file "BBSPI_LCD.c"
 Parameters:    Size  Location     Type
  port_add        1    wreg     unsigned char 
  a               1    3[BANK0 ] unsigned char 
 Auto vars:     Size  Location     Type
  port_add        1    4[BANK0 ] unsigned char 
 Return value:  Size  Location     Type
                  1    wreg      void 
 Registers used:
		wreg, status,2, status,0, cstack
 Tracked objects:
		On entry : 
		On exit  : 
		Unchanged: 
 Data sizes:     COMRAM   BANK0   BANK1   BANK2   BANK3   BANK4   BANK5   BANK6   BANK7   BANK8   BANK9  BANK10  BANK11  BANK12  BANK13  BANK14  BANK15
      Params:         0       1       0       0       0       0       0       0       0       0       0       0       0       0       0       0       0
      Locals:         0       1       0       0       0       0       0       0       0       0       0       0       0       0       0       0       0
      Temps:          0       0       0       0       0       0       0       0       0       0       0       0       0       0       0       0       0
      Totals:         0       2       0       0       0       0       0       0       0       0       0       0       0       0       0       0       0
Total ram usage:        2 bytes
 Hardware stack levels used:    1
 Hardware stack levels required when called:    5
 This function calls:
		_SendByteBBSPI
 This function is called by:
		_LCDInit
		_LCDPutChar
		_LCDPutInst
 This function uses a non-reentrant model


 *************** function _SendByteBBSPI *****************
 Defined at:
		line 92 in file "BBSPI_LCD.c"
 Parameters:    Size  Location     Type
  output          1    wreg     unsigned char 
 Auto vars:     Size  Location     Type
  output          1    0[BANK0 ] unsigned char 
  input           1    2[BANK0 ] unsigned char 
  bitcount        1    1[BANK0 ] unsigned char 
 Return value:  Size  Location     Type
                  1    wreg      void 
 Registers used:
		wreg, status,2, status,0
 Tracked objects:
		On entry : 
		On exit  : 
		Unchanged: 
 Data sizes:     COMRAM   BANK0   BANK1   BANK2   BANK3   BANK4   BANK5   BANK6   BANK7   BANK8   BANK9  BANK10  BANK11  BANK12  BANK13  BANK14  BANK15
      Params:         0       0       0       0       0       0       0       0       0       0       0       0       0       0       0       0       0
      Locals:         0       3       0       0       0       0       0       0       0       0       0       0       0       0       0       0       0
      Temps:          0       0       0       0       0       0       0       0       0       0       0       0       0       0       0       0       0
      Totals:         0       3       0       0       0       0       0       0       0       0       0       0       0       0       0       0       0
Total ram usage:        3 bytes
 Hardware stack levels used:    1
 Hardware stack levels required when called:    4
 This function calls:
		Nothing
 This function is called by:
		_Port_BBSPIInit
		_WritePort_BBSPI
 This function uses a non-reentrant model


 *************** function _main_interrupt *****************
 Defined at:
		line 16 in file "main.c"
 Parameters:    Size  Location     Type
		None
 Auto vars:     Size  Location     Type
  temp            2    0        int 
 Return value:  Size  Location     Type
                  1    wreg      void 
 Registers used:
		wreg, fsr1l, fsr1h, fsr2l, fsr2h, status,2, status,0, prodl, prodh, cstack
 Tracked objects:
		On entry : 
		On exit  : 
		Unchanged: 
 Data sizes:     COMRAM   BANK0   BANK1   BANK2   BANK3   BANK4   BANK5   BANK6   BANK7   BANK8   BANK9  BANK10  BANK11  BANK12  BANK13  BANK14  BANK15
      Params:         0       0       0       0       0       0       0       0       0       0       0       0       0       0       0       0       0
      Locals:         2       0       0       0       0       0       0       0       0       0       0       0       0       0       0       0       0
      Temps:          7       0       0       0       0       0       0       0       0       0       0       0       0       0       0       0       0
      Totals:         9       0       0       0       0       0       0       0       0       0       0       0       0       0       0       0       0
Total ram usage:        9 bytes
 Hardware stack levels used:    1
 Hardware stack levels required when called:    3
 This function calls:
		_timer_ISR
 This function is called by:
		Interrupt level 2
 This function uses a non-reentrant model


 *************** function _timer_ISR *****************
 Defined at:
		line 138 in file "driver.c"
 Parameters:    Size  Location     Type
		None
 Auto vars:     Size  Location     Type
  temp            2   56[COMRAM] int 
  i               2   58[COMRAM] int 
 Return value:  Size  Location     Type
                  2   46[COMRAM] int 
 Registers used:
		wreg, fsr1l, fsr1h, fsr2l, fsr2h, status,2, status,0, prodl, prodh, cstack
 Tracked objects:
		On entry : 
		On exit  : 
		Unchanged: 
 Data sizes:     COMRAM   BANK0   BANK1   BANK2   BANK3   BANK4   BANK5   BANK6   BANK7   BANK8   BANK9  BANK10  BANK11  BANK12  BANK13  BANK14  BANK15
      Params:         2       0       0       0       0       0       0       0       0       0       0       0       0       0       0       0       0
      Locals:         4       0       0       0       0       0       0       0       0       0       0       0       0       0       0       0       0
      Temps:          8       0       0       0       0       0       0       0       0       0       0       0       0       0       0       0       0
      Totals:        14       0       0       0       0       0       0       0       0       0       0       0       0       0       0       0       0
Total ram usage:       14 bytes
 Hardware stack levels used:    1
 Hardware stack levels required when called:    2
 This function calls:
		_add_tasks
		i2___wmul
 This function is called by:
		_main_interrupt
 This function uses a non-reentrant model


 *************** function _add_tasks *****************
 Defined at:
		line 161 in file "driver.c"
 Parameters:    Size  Location     Type
  id              2    6[COMRAM] int 
 Auto vars:     Size  Location     Type
  temp_delay      8   36[COMRAM] unsigned long long 
  temp_next       2   44[COMRAM] int 
 Return value:  Size  Location     Type
                  1    wreg      void 
 Registers used:
		wreg, fsr1l, fsr1h, fsr2l, fsr2h, status,2, status,0, prodl, prodh, cstack
 Tracked objects:
		On entry : 
		On exit  : 
		Unchanged: 
 Data sizes:     COMRAM   BANK0   BANK1   BANK2   BANK3   BANK4   BANK5   BANK6   BANK7   BANK8   BANK9  BANK10  BANK11  BANK12  BANK13  BANK14  BANK15
      Params:         2       0       0       0       0       0       0       0       0       0       0       0       0       0       0       0       0
      Locals:        14       0       0       0       0       0       0       0       0       0       0       0       0       0       0       0       0
      Temps:         24       0       0       0       0       0       0       0       0       0       0       0       0       0       0       0       0
      Totals:        40       0       0       0       0       0       0       0       0       0       0       0       0       0       0       0       0
Total ram usage:       40 bytes
 Hardware stack levels used:    1
 Hardware stack levels required when called:    1
 This function calls:
		i2___wmul
 This function is called by:
		_timer_ISR
 This function uses a non-reentrant model


 *************** function i2___wmul *****************
 Defined at:
		line 15 in file "C:\Program Files (x86)\Microchip\xc8\v2.10\pic\sources\c99\common\Umul16.c"
 Parameters:    Size  Location     Type
  multiplier      2    0[COMRAM] unsigned int 
  multiplicand    2    2[COMRAM] unsigned int 
 Auto vars:     Size  Location     Type
  __wmul          2    4[COMRAM] unsigned int 
 Return value:  Size  Location     Type
                  2    0[COMRAM] unsigned int 
 Registers used:
		wreg, status,2, status,0, prodl, prodh
 Tracked objects:
		On entry : 
		On exit  : 
		Unchanged: 
 Data sizes:     COMRAM   BANK0   BANK1   BANK2   BANK3   BANK4   BANK5   BANK6   BANK7   BANK8   BANK9  BANK10  BANK11  BANK12  BANK13  BANK14  BANK15
      Params:         4       0       0       0       0       0       0       0       0       0       0       0       0       0       0       0       0
      Locals:         2       0       0       0       0       0       0       0       0       0       0       0       0       0       0       0       0
      Temps:          0       0       0       0       0       0       0       0       0       0       0       0       0       0       0       0       0
      Totals:         6       0       0       0       0       0       0       0       0       0       0       0       0       0       0       0       0
Total ram usage:        6 bytes
 Hardware stack levels used:    1
 This function calls:
		Nothing
 This function is called by:
		_timer_ISR
		_add_tasks
 This function uses a non-reentrant model



MODULE INFORMATION

Module		Function		Class		Link	Load	Size
dht.c
		_getByte       		CODE           	344C	0000	227
		_readDHT       		CODE           	2F88	0000	325
		_readTempAndHumid		CODE           	3B44	0000	45

dht.c estimated size: 597

button.c
		_switch_button_state		CODE           	2C48	0000	481
		_increaseButton		CODE           	2858	0000	521
		_read_button_A 		CODE           	3A0A	0000	75
		_read_button_B 		CODE           	3A54	0000	71

button.c estimated size: 1148

FSM.c
		_FSM           		CODE           	2A60	0000	489

FSM.c estimated size: 489

C:\Program Files (x86)\Microchip\xc8\v2.10\pic\sources\c99\common\awdiv.c
		___awdiv       		CODE           	352E	0000	199

C:\Program Files (x86)\Microchip\xc8\v2.10\pic\sources\c99\common\awdiv.c estimated size: 199

driver.c
		_remove_timer  		CODE           	20E2	0000	1133
		_add_tasks     		CODE           	1920	0000	1987
		_start_timer   		CODE           	375C	0000	125
		_register_timer		CODE           	10A6	0000	2171
		_timer_ISR     		CODE           	2E28	0000	353
		_dispatch      		CODE           	3332	0000	283

driver.c estimated size: 6052

initial.c
		_initial_INTERRUPT		CODE           	3C70	0000	5
		_initial_LED   		CODE           	3C58	0000	11
		_initial_SYSTEM		CODE           	3C26	0000	23
		_initial_OSSCON		CODE           	3C4E	0000	11
		_initial_BUTTON		CODE           	3C62	0000	11

initial.c estimated size: 61

BBSPI_LCD.c
		_LCDPutStr     		CODE           	3A9A	0000	65
		_LCDPutChar    		CODE           	3968	0000	85
		_SendByteBBSPI 		CODE           	3844	0000	107
		_LCDInit       		CODE           	38AE	0000	103
		_LCDPutInst    		CODE           	3914	0000	85
		_WritePort_BBSPI		CODE           	3BE8	0000	33
		_InitBBSPI     		CODE           	3C3C	0000	19
		_Port_BBSPIInit		CODE           	3C08	0000	31

BBSPI_LCD.c estimated size: 528

register.c
		_swap_machine  		CODE           	3ADA	0000	59
		_initial_register		CODE           	30CC	0000	321

register.c estimated size: 380

shared
		i2___wmul      		CODE           	3BC2	0000	39
		__initialization		CODE           	37D8	0000	99

shared estimated size: 138

display.c
		_displayDHT    		CODE           	35F4	0000	183
		_initDisplayDHT		CODE           	3B14	0000	49
		_display_state 		CODE           	254E	0000	779
		_initial_display		CODE           	39BC	0000	79

display.c estimated size: 1090

C:\Program Files (x86)\Microchip\xc8\v2.10\pic\sources\c99\common\Umul16.c
		___wmul        		CODE           	3B9A	0000	41

C:\Program Files (x86)\Microchip\xc8\v2.10\pic\sources\c99\common\Umul16.c estimated size: 41

C:\Program Files (x86)\Microchip\xc8\v2.10\pic\sources\c99\common\awmod.c
		___awmod       		CODE           	36AA	0000	179

C:\Program Files (x86)\Microchip\xc8\v2.10\pic\sources\c99\common\awmod.c estimated size: 179

main.c
		_main          		CODE           	3B70	0000	43
		_main_interrupt		CODE           	0008	0000	301

main.c estimated size: 344

