Microchip MPLAB XC8 Compiler V2.10 ()

Linker command line:

-W-3 --edf=C:\Program Files (x86)\Microchip\xc8\v2.10\pic\dat\en_msgs.txt \
  -cs -h+dist/default/production\LAB_4.X.production.sym \
  --cmf=dist/default/production\LAB_4.X.production.cmf -z -Q18F8722 \
  -oC:\Users\Dell\AppData\Local\Temp\shbc.2 --defsym=__MPLAB_BUILD=1 \
  -Mdist/default/production/LAB_4.X.production.map -E1 -ver=XC8 \
  --acfsm=1493 -ASTACK=01E6h-0F5Fh -pstack=STACK -ACODE=00h-01FFFFh \
  -ACONST=00h-01FFFFh -ASMALLCONST=01000h-010FFhx496 \
  -AMEDIUMCONST=01000h-0FFFFh,011000h-01FFFFh -ACOMRAM=01h-05Fh \
  -AABS1=00h-0F5Fh -ABIGRAM=01h-0F5Fh \
  -ARAM=060h-0FFh,0100h-01FFhx14,0F00h-0F5Fh -ABANK0=060h-0FFh \
  -ABANK1=0100h-01FFh -ABANK2=0200h-02FFh -ABANK3=0300h-03FFh \
  -ABANK4=0400h-04FFh -ABANK5=0500h-05FFh -ABANK6=0600h-06FFh \
  -ABANK7=0700h-07FFh -ABANK8=0800h-08FFh -ABANK9=0900h-09FFh \
  -ABANK10=0A00h-0AFFh -ABANK11=0B00h-0BFFh -ABANK12=0C00h-0CFFh \
  -ABANK13=0D00h-0DFFh -ABANK14=0E00h-0EFFh -ABANK15=0F00h-0F5Fh \
  -ASFR=0F60h-0FFFh -preset_vec=00h,intcode=08h,intcodelo,powerup,init \
  -pramtop=01000h -psmallconst=SMALLCONST -pmediumconst=MEDIUMCONST \
  -pconst=CONST -AFARRAM=00h-00h -ACONFIG=0300000h-030000Dh -pconfig=CONFIG \
  -AIDLOC=0200000h-0200007h -pidloc=IDLOC -AEEDATA=0F00000h-0F003FFh \
  -peeprom_data=EEDATA \
  -prdata=COMRAM,nvrram=COMRAM,nvbit=COMRAM,rbss=COMRAM,rbit=COMRAM \
  -pfarbss=FARRAM,fardata=FARRAM,nvFARRAM=FARRAM \
  -pintsave_regs=BIGRAM,bigbss=BIGRAM,bigdata=BIGRAM -pbss=RAM \
  -pidata=CODE,irdata=CODE,ibigdata=CODE,ifardata=CODE -prparam=COMRAM \
  C:\Users\Dell\AppData\Local\Temp\shbc.o \
  dist/default/production\LAB_4.X.production.o 

Object code version is 3.11

Machine type is 18F8722

Call graph: (short form)




                Name                               Link     Load   Length Selector   Space Scale
C:\Users\Dell\AppData\Local\Temp\shbc.o
                init                                  E        E        4        4       0
                reset_vec                             0        0        4        0       0
                idloc                            200000   200000        8   200000       0
                config                           300000   300000        E   300000       0
dist/default/production\LAB_4.X.production.o
                intcode                               8        8        6        4       0
                temp                                 52       52        1        1       1
                text12                             182A     182A       26        4       0
                text11                              88C      88C      7C2        4       0
                text10                             12CC     12CC      152        4       0
                intcode_body                       173E     173E       6C        4       0
                text8                              1802     1802       28        4       0
                text7                              15BE     15BE       86        4       0
                text6                              1644     1644       7E        4       0
                text5                              1538     1538       86        4       0
                text4                              141E     141E      11A        4       0
                text3                                12       12      87A        4       0
                text2                              104E     104E      27E        4       0
                text1                              16C2     16C2       7C        4       0
                text0                              17D8     17D8       2A        4       0
                cstackCOMRAM                          1        1       42        1       1
                cstackBANK0                          60       60       47       60       1
                bssBANK1                            100      100       E6      100       1
                bssBANK0                             A7       A7       1C       60       1
                bssCOMRAM                            43       43        F        1       1
                cinit                              17AA     17AA       2E        4       0

TOTAL           Name                               Link     Load   Length     Space
        CLASS   STACK          

        CLASS   CODE           
                intcode                               8        8        6         0
                init                                  E        E        4         0
                reset_vec                             0        0        4         0
                text12                             182A     182A       26         0
                text11                              88C      88C      7C2         0
                text10                             12CC     12CC      152         0
                intcode_body                       173E     173E       6C         0
                text8                              1802     1802       28         0
                text7                              15BE     15BE       86         0
                text6                              1644     1644       7E         0
                text5                              1538     1538       86         0
                text4                              141E     141E      11A         0
                text3                                12       12      87A         0
                text2                              104E     104E      27E         0
                text1                              16C2     16C2       7C         0
                text0                              17D8     17D8       2A         0
                cinit                              17AA     17AA       2E         0

        CLASS   CONST          

        CLASS   SMALLCONST     

        CLASS   MEDIUMCONST    

        CLASS   COMRAM         
                temp                                 52       52        1         1
                cstackCOMRAM                          1        1       42         1
                bssCOMRAM                            43       43        F         1

        CLASS   ABS1           

        CLASS   BIGRAM         

        CLASS   RAM            

        CLASS   BANK0          
                cstackBANK0                          60       60       47         1
                bssBANK0                             A7       A7       1C         1

        CLASS   BANK1          
                bssBANK1                            100      100       E6         1

        CLASS   BANK2          

        CLASS   BANK3          

        CLASS   BANK4          

        CLASS   BANK5          

        CLASS   BANK6          

        CLASS   BANK7          

        CLASS   BANK8          

        CLASS   BANK9          

        CLASS   BANK10         

        CLASS   BANK11         

        CLASS   BANK12         

        CLASS   BANK13         

        CLASS   BANK14         

        CLASS   BANK15         

        CLASS   SFR            

        CLASS   FARRAM         

        CLASS   CONFIG         
                config                           300000   300000        E         0

        CLASS   IDLOC          
                idloc                            200000   200000        8         0

        CLASS   EEDATA         



SEGMENTS        Name                           Load    Length   Top    Selector   Space  Class

                reset_vec                      000000  000004  000004         0       0  CODE    
                cstackCOMRAM                   000001  000052  000053         1       1  COMRAM  
                intcode                        000008  001848  001850         4       0  CODE    
                cstackBANK0                    000060  000063  0000C3        60       1  BANK0   
                bssBANK1                       000100  0000E6  0001E6       100       1  BANK1   
                idloc                          200000  000008  200008    200000       0  IDLOC   
                config                         300000  00000E  30000E    300000       0  CONFIG  


UNUSED ADDRESS RANGES

        Name                Unused          Largest block    Delta
        BANK0            0000C3-0000FF               3D
        BANK1            0001E6-0001FF               1A
        BANK10           000A00-000AFF              100
        BANK11           000B00-000BFF              100
        BANK12           000C00-000CFF              100
        BANK13           000D00-000DFF              100
        BANK14           000E00-000EFF              100
        BANK15           000F00-000F5F               60
        BANK2            000200-0002FF              100
        BANK3            000300-0003FF              100
        BANK4            000400-0004FF              100
        BANK5            000500-0005FF              100
        BANK6            000600-0006FF              100
        BANK7            000700-0007FF              100
        BANK8            000800-0008FF              100
        BANK9            000900-0009FF              100
        BIGRAM           000053-00005F                D
                         0000C3-0000FF               3D
                         0001E6-000F5F              D7A
        CODE             000004-000007                4
                         001850-01FFFF            1E7B0
        COMRAM           000053-00005F                D
        CONST            000004-000007                4
                         001850-01FFFF            1E7B0
        EEDATA           F00000-F003FF              400
        MEDIUMCONST      001850-00FFFF             E7B0
                         011000-01FFFF             F000
        RAM              0000C3-0000FF               3D
                         0001E6-000F5F              100
        SFR              000F60-000FFF               A0
        SMALLCONST       001850-01FFFF              100
        STACK            0001E6-000F5F              D7A

                                  Symbol Table

?___wmul                   cstackBANK0  000060
?_register_timer           cstackBANK0  000066
?_timer_ISR                cstackCOMRAM 00002F
?i2___wmul                 cstackCOMRAM 000001
_ADCON1                    (abs)        000FC1
_ALLOW_TIMER_REGISTER      bssCOMRAM    000051
_HEAD_ARRAY                bssCOMRAM    00004F
_HEAD_QUEUE                bssBANK0     0000BB
_INTCONbits                (abs)        000FF2
_LATD                      (abs)        000F8C
_LATDbits                  (abs)        000F8C
_NUMBER_EXIST              bssBANK0     0000BF
_NUMBER_EXIST_TASKS        bssBANK0     0000BD
_OSCCON                    (abs)        000FD3
_PIE1bits                  (abs)        000F9D
_PIR1bits                  (abs)        000F9E
_PORTD                     (abs)        000F83
_T0CON                     (abs)        000FD5
_T1CON                     (abs)        000FCD
_T1CONbits                 (abs)        000FCD
_TMR0H                     (abs)        000FD7
_TMR0L                     (abs)        000FD6
_TMR1H                     (abs)        000FCF
_TMR1L                     (abs)        000FCE
_TRISAbits                 (abs)        000F92
_TRISBbits                 (abs)        000F93
_TRISD                     (abs)        000F95
__CFG_BOREN$OFF            (abs)        000000
__CFG_FCMEN$OFF            (abs)        000000
__CFG_IESO$OFF             (abs)        000000
__CFG_LVP$OFF              (abs)        000000
__CFG_MCLRE$ON             (abs)        000000
__CFG_OSC$INTIO7           (abs)        000000
__CFG_PWRT$OFF             (abs)        000000
__CFG_WDT$OFF              (abs)        000000
__CFG_XINST$OFF            (abs)        000000
__HRAM                     (abs)        000000
__Habs1                    abs1         000000
__Hbank0                   bank0        000000
__Hbank1                   bank1        000000
__Hbank10                  bank10       000000
__Hbank11                  bank11       000000
__Hbank12                  bank12       000000
__Hbank13                  bank13       000000
__Hbank14                  bank14       000000
__Hbank15                  bank15       000000
__Hbank2                   bank2        000000
__Hbank3                   bank3        000000
__Hbank4                   bank4        000000
__Hbank5                   bank5        000000
__Hbank6                   bank6        000000
__Hbank7                   bank7        000000
__Hbank8                   bank8        000000
__Hbank9                   bank9        000000
__Hbigbss                  bigbss       000000
__Hbigdata                 bigdata      000000
__Hbigram                  bigram       000000
__Hbss                     bss          000000
__HbssBANK0                bssBANK0     000000
__HbssBANK1                bssBANK1     000000
__HbssCOMRAM               bssCOMRAM    000000
__Hcinit                   cinit        000000
__Hclrtext                 clrtext      000000
__Hcomram                  comram       000000
__Hconfig                  config       30000E
__Hconst                   const        000000
__HcstackBANK0             cstackBANK0  000000
__HcstackCOMRAM            cstackCOMRAM 000000
__Hdata                    data         000000
__Heeprom_data             eeprom_data  000000
__Hfarbss                  farbss       000000
__Hfardata                 fardata      000000
__Hibigdata                ibigdata     000000
__Hidata                   idata        000000
__Hidloc                   idloc        200008
__Hifardata                ifardata     000000
__Hinit                    init         000012
__Hintcode                 intcode      00000E
__Hintcode_body            intcode_body 000000
__Hintcodelo               intcodelo    00000E
__Hintentry                intentry     000000
__Hintret                  intret       000000
__Hintsave_regs            intsave_regs 000000
__Hirdata                  irdata       000000
__Hmediumconst             mediumconst  000000
__HnvFARRAM                nvFARRAM     000000
__Hnvbit                   nvbit        000000
__Hnvrram                  nvrram       000000
__Hparam                   rparam       000000
__Hpowerup                 powerup      00000E
__Hram                     ram          000000
__Hramtop                  ramtop       001000
__Hrbit                    rbit         000000
__Hrbss                    rbss         000000
__Hrdata                   rdata        000000
__Hreset_vec               reset_vec    000004
__Hrparam                  rparam       000000
__Hsfr                     sfr          000000
__Hsmallconst              smallconst   000000
__Hspace_0                 (abs)        30000E
__Hspace_1                 (abs)        0001E6
__Hspace_2                 (abs)        000000
__Hstack                   stack        000000
__Hstruct                  struct       000000
__Htemp                    temp         000053
__Htext                    text         000000
__Htext0                   text0        000000
__Htext1                   text1        000000
__Htext10                  text10       000000
__Htext11                  text11       000000
__Htext12                  text12       000000
__Htext13                  text13       000000
__Htext2                   text2        000000
__Htext3                   text3        000000
__Htext4                   text4        000000
__Htext5                   text5        000000
__Htext6                   text6        000000
__Htext7                   text7        000000
__Htext8                   text8        000000
__LRAM                     (abs)        000001
__Labs1                    abs1         000000
__Lbank0                   bank0        000000
__Lbank1                   bank1        000000
__Lbank10                  bank10       000000
__Lbank11                  bank11       000000
__Lbank12                  bank12       000000
__Lbank13                  bank13       000000
__Lbank14                  bank14       000000
__Lbank15                  bank15       000000
__Lbank2                   bank2        000000
__Lbank3                   bank3        000000
__Lbank4                   bank4        000000
__Lbank5                   bank5        000000
__Lbank6                   bank6        000000
__Lbank7                   bank7        000000
__Lbank8                   bank8        000000
__Lbank9                   bank9        000000
__Lbigbss                  bigbss       000000
__Lbigdata                 bigdata      000000
__Lbigram                  bigram       000000
__Lbss                     bss          000000
__LbssBANK0                bssBANK0     000000
__LbssBANK1                bssBANK1     000000
__LbssCOMRAM               bssCOMRAM    000000
__Lcinit                   cinit        000000
__Lclrtext                 clrtext      000000
__Lcomram                  comram       000000
__Lconfig                  config       300000
__Lconst                   const        000000
__LcstackBANK0             cstackBANK0  000000
__LcstackCOMRAM            cstackCOMRAM 000000
__Ldata                    data         000000
__Leeprom_data             eeprom_data  000000
__Lfarbss                  farbss       000000
__Lfardata                 fardata      000000
__Libigdata                ibigdata     000000
__Lidata                   idata        000000
__Lidloc                   idloc        200000
__Lifardata                ifardata     000000
__Linit                    init         00000E
__Lintcode                 intcode      000008
__Lintcode_body            intcode_body 000000
__Lintcodelo               intcodelo    00000E
__Lintentry                intentry     000000
__Lintret                  intret       000000
__Lintsave_regs            intsave_regs 000000
__Lirdata                  irdata       000000
__Lmediumconst             mediumconst  000000
__LnvFARRAM                nvFARRAM     000000
__Lnvbit                   nvbit        000000
__Lnvrram                  nvrram       000000
__Lparam                   rparam       000000
__Lpowerup                 powerup      00000E
__Lram                     ram          000000
__Lramtop                  ramtop       001000
__Lrbit                    rbit         000000
__Lrbss                    rbss         000000
__Lrdata                   rdata        000000
__Lreset_vec               reset_vec    000000
__Lrparam                  rparam       000000
__Lsfr                     sfr          000000
__Lsmallconst              smallconst   000000
__Lspace_0                 (abs)        000000
__Lspace_1                 (abs)        000000
__Lspace_2                 (abs)        000000
__Lstack                   stack        000000
__Lstruct                  struct       000000
__Ltemp                    temp         000052
__Ltext                    text         000000
__Ltext0                   text0        000000
__Ltext1                   text1        000000
__Ltext10                  text10       000000
__Ltext11                  text11       000000
__Ltext12                  text12       000000
__Ltext13                  text13       000000
__Ltext2                   text2        000000
__Ltext3                   text3        000000
__Ltext4                   text4        000000
__Ltext5                   text5        000000
__Ltext6                   text6        000000
__Ltext7                   text7        000000
__Ltext8                   text8        000000
__S0                       (abs)        30000E
__S1                       (abs)        0001E6
__S2                       (abs)        000000
___extmem_base             (abs)        020000
___inthi_sp                stack        000000
___intlo_sp                stack        000000
___param_bank              (abs)        000000
___rparam_used             (abs)        000001
___sp                      stack        000000
___wmul                    text8        001802
___wmul@multiplicand       cstackBANK0  000062
___wmul@multiplier         cstackBANK0  000060
___wmul@product            cstackBANK0  000064
__accesstop                (abs)        000060
__activetblptr             (abs)        000003
__end_of___wmul            text8        00182A
__end_of__initialization   cinit        0017CE
__end_of_add_tasks         text11       00104E
__end_of_blink_LED_1       text6        0016C2
__end_of_blink_LED_2       text5        0015BE
__end_of_blink_LED_3       text7        001644
__end_of_dispatch          text4        001538
__end_of_initial_register  text2        0012CC
__end_of_main              text0        001802
__end_of_main_interrupt    intcode_body 0017AA
__end_of_register_timer    text3        00088C
__end_of_start_timer       text1        00173E
__end_of_timer_ISR         text10       00141E
__end_ofi2___wmul          text12       001850
__initialization           cinit        0017AA
__mediumconst              mediumconst  000000
__pbssBANK0                bssBANK0     0000A7
__pbssBANK1                bssBANK1     000100
__pbssCOMRAM               bssCOMRAM    000043
__pcinit                   cinit        0017AA
__pcstackBANK0             cstackBANK0  000060
__pcstackCOMRAM            cstackCOMRAM 000001
__pintcode                 intcode      000008
__pintcode_body            intcode_body 00173E
__ptext0                   text0        0017D8
__ptext1                   text1        0016C2
__ptext10                  text10       0012CC
__ptext11                  text11       00088C
__ptext12                  text12       00182A
__ptext13                  text13       000000
__ptext2                   text2        00104E
__ptext3                   text3        000012
__ptext4                   text4        00141E
__ptext5                   text5        001538
__ptext6                   text6        001644
__ptext7                   text7        0015BE
__ptext8                   text8        001802
__ramtop                   ramtop       001000
__size_of___wmul           (abs)        000000
__size_of_add_tasks        (abs)        000000
__size_of_blink_LED_1      (abs)        000000
__size_of_blink_LED_2      (abs)        000000
__size_of_blink_LED_3      (abs)        000000
__size_of_dispatch         (abs)        000000
__size_of_initial_register (abs)        000000
__size_of_main             (abs)        000000
__size_of_main_interrupt   (abs)        000000
__size_of_register_timer   (abs)        000000
__size_of_start_timer      (abs)        000000
__size_of_timer_ISR        (abs)        000000
__size_ofi2___wmul         (abs)        000000
__smallconst               smallconst   000000
_add_tasks                 text11       00088C
_add_tasks$1261            cstackCOMRAM 000023
_add_tasks$1262            cstackCOMRAM 000021
_blink_LED_1               text6        001644
_blink_LED_2               text5        001538
_blink_LED_3               text7        0015BE
_count_count               bssCOMRAM    00004D
_dispatch                  text4        00141E
_execution                 bssBANK0     0000A7
_initial_register          text2        00104E
_ledVal                    bssCOMRAM    00004B
_main                      text0        0017D8
_main_interrupt            intcode      000008
_register_timer            text3        000012
_register_timer$1249       cstackBANK0  000097
_register_timer$1250       cstackBANK0  000093
_remove_tasks              bssBANK0     0000C1
_start_timer               text1        0016C2
_tasks                     bssBANK1     000100
_time                      bssCOMRAM    000043
_timer_ISR                 text10       0012CC
add_tasks@id               cstackCOMRAM 000007
add_tasks@temp_delay       cstackCOMRAM 000025
add_tasks@temp_next        cstackCOMRAM 00002D
blink_LED_1@index          cstackBANK0  000066
blink_LED_2@index          cstackBANK0  000066
blink_LED_3@index          cstackBANK0  000066
btemp                      temp         000052
dispatch@i                 cstackBANK0  00006C
end_of_initialization      cinit        0017CE
i2___wmul                  text12       00182A
i2___wmul@multiplicand     cstackCOMRAM 000003
i2___wmul@multiplier       cstackCOMRAM 000001
i2___wmul@product          cstackCOMRAM 000005
initial_register@temp      cstackBANK0  0000A3
int$flags                  temp         000052
int_func                   intcode_body 00173E
intlevel0                  text         000000
intlevel1                  text         000000
intlevel2                  text         000000
intlevel3                  text         000000
register_timer@callback    cstackBANK0  000076
register_timer@data        cstackBANK0  000079
register_timer@delay       cstackBANK0  000066
register_timer@i           cstackBANK0  000095
register_timer@period      cstackBANK0  00006E
register_timer@temp_delay  cstackBANK0  000099
register_timer@temp_index  cstackBANK0  0000A1
stackhi                    (abs)        000F5F
stacklo                    (abs)        0001E6
start                      init         00000E
start_initialization       cinit        0017AA
start_timer@time_vaddr     cstackBANK0  000064
start_timer@type           cstackBANK0  000060
timer_ISR@i                cstackCOMRAM 00003B
timer_ISR@temp             cstackCOMRAM 000039
ttemp5                     temp         000053
ttemp6                     temp         000056
ttemp7                     temp         00005A
wtemp8                     temp         000053


FUNCTION INFORMATION:

 *************** function _main *****************
 Defined at:
		line 33 in file "main.c"
 Parameters:    Size  Location     Type
		None
 Auto vars:     Size  Location     Type
		None
 Return value:  Size  Location     Type
                  1    wreg      void 
 Registers used:
		wreg, fsr1l, fsr1h, fsr2l, fsr2h, status,2, status,0, pclath, tosl, prodl, prodh, cstack
 Tracked objects:
		On entry : 
		On exit  : 
		Unchanged: 
 Data sizes:     COMRAM   BANK0   BANK1   BANK2   BANK3   BANK4   BANK5   BANK6   BANK7   BANK8   BANK9  BANK10  BANK11  BANK12  BANK13  BANK14  BANK15
      Params:         0       0       0       0       0       0       0       0       0       0       0       0       0       0       0       0       0
      Locals:         0       0       0       0       0       0       0       0       0       0       0       0       0       0       0       0       0
      Temps:          0       0       0       0       0       0       0       0       0       0       0       0       0       0       0       0       0
      Totals:         0       0       0       0       0       0       0       0       0       0       0       0       0       0       0       0       0
Total ram usage:        0 bytes
 Hardware stack levels required when called:    7
 This function calls:
		_dispatch
		_initial_register
		_start_timer
 This function is called by:
		Startup code after reset
 This function uses a non-reentrant model


 *************** function _start_timer *****************
 Defined at:
		line 15 in file "driver.c"
 Parameters:    Size  Location     Type
  type            2    0[BANK0 ] int 
 Auto vars:     Size  Location     Type
  time_vaddr      1    4[BANK0 ] enum E4615
 Return value:  Size  Location     Type
                  1    wreg      void 
 Registers used:
		wreg, status,2, status,0
 Tracked objects:
		On entry : 
		On exit  : 
		Unchanged: 
 Data sizes:     COMRAM   BANK0   BANK1   BANK2   BANK3   BANK4   BANK5   BANK6   BANK7   BANK8   BANK9  BANK10  BANK11  BANK12  BANK13  BANK14  BANK15
      Params:         0       2       0       0       0       0       0       0       0       0       0       0       0       0       0       0       0
      Locals:         0       1       0       0       0       0       0       0       0       0       0       0       0       0       0       0       0
      Temps:          0       2       0       0       0       0       0       0       0       0       0       0       0       0       0       0       0
      Totals:         0       5       0       0       0       0       0       0       0       0       0       0       0       0       0       0       0
Total ram usage:        5 bytes
 Hardware stack levels used:    1
 Hardware stack levels required when called:    4
 This function calls:
		Nothing
 This function is called by:
		_main
 This function uses a non-reentrant model


 *************** function _initial_register *****************
 Defined at:
		line 59 in file "register.c"
 Parameters:    Size  Location     Type
		None
 Auto vars:     Size  Location     Type
  temp            4   67[BANK0 ] unsigned long 
 Return value:  Size  Location     Type
                  1    wreg      void 
 Registers used:
		wreg, fsr1l, fsr1h, fsr2l, fsr2h, status,2, status,0, prodl, prodh, cstack
 Tracked objects:
		On entry : 
		On exit  : 
		Unchanged: 
 Data sizes:     COMRAM   BANK0   BANK1   BANK2   BANK3   BANK4   BANK5   BANK6   BANK7   BANK8   BANK9  BANK10  BANK11  BANK12  BANK13  BANK14  BANK15
      Params:         0       0       0       0       0       0       0       0       0       0       0       0       0       0       0       0       0
      Locals:         0       4       0       0       0       0       0       0       0       0       0       0       0       0       0       0       0
      Temps:          0       0       0       0       0       0       0       0       0       0       0       0       0       0       0       0       0
      Totals:         0       4       0       0       0       0       0       0       0       0       0       0       0       0       0       0       0
Total ram usage:        4 bytes
 Hardware stack levels used:    1
 Hardware stack levels required when called:    6
 This function calls:
		_register_timer
 This function is called by:
		_main
 This function uses a non-reentrant model


 *************** function _register_timer *****************
 Defined at:
		line 50 in file "driver.c"
 Parameters:    Size  Location     Type
  delay           8    6[BANK0 ] unsigned long long 
  period          8   14[BANK0 ] unsigned long long 
  callback        3   22[BANK0 ] PTR FTN()void 
		 -> blink_LED_3(1), blink_LED_2(1), blink_LED_1(1), 
  data            2   25[BANK0 ] PTR void 
		 -> RAM(3935), NULL(0), 
 Auto vars:     Size  Location     Type
  temp_delay      8   57[BANK0 ] unsigned long long 
  temp_index      2   65[BANK0 ] int 
  i               2   53[BANK0 ] int 
  temp            2    0        unsigned int 
 Return value:  Size  Location     Type
                  4    6[BANK0 ] unsigned long 
 Registers used:
		wreg, fsr1l, fsr1h, fsr2l, fsr2h, status,2, status,0, prodl, prodh, cstack
 Tracked objects:
		On entry : 
		On exit  : 
		Unchanged: 
 Data sizes:     COMRAM   BANK0   BANK1   BANK2   BANK3   BANK4   BANK5   BANK6   BANK7   BANK8   BANK9  BANK10  BANK11  BANK12  BANK13  BANK14  BANK15
      Params:         0      21       0       0       0       0       0       0       0       0       0       0       0       0       0       0       0
      Locals:         0      16       0       0       0       0       0       0       0       0       0       0       0       0       0       0       0
      Temps:          0      24       0       0       0       0       0       0       0       0       0       0       0       0       0       0       0
      Totals:         0      61       0       0       0       0       0       0       0       0       0       0       0       0       0       0       0
Total ram usage:       61 bytes
 Hardware stack levels used:    1
 Hardware stack levels required when called:    5
 This function calls:
		___wmul
 This function is called by:
		_initial_register
 This function uses a non-reentrant model


 *************** function _dispatch *****************
 Defined at:
		line 149 in file "driver.c"
 Parameters:    Size  Location     Type
		None
 Auto vars:     Size  Location     Type
  i               2   12[BANK0 ] int 
 Return value:  Size  Location     Type
                  1    wreg      void 
 Registers used:
		wreg, fsr2l, fsr2h, status,2, status,0, pclath, tosl, prodl, prodh, cstack
 Tracked objects:
		On entry : 
		On exit  : 
		Unchanged: 
 Data sizes:     COMRAM   BANK0   BANK1   BANK2   BANK3   BANK4   BANK5   BANK6   BANK7   BANK8   BANK9  BANK10  BANK11  BANK12  BANK13  BANK14  BANK15
      Params:         0       0       0       0       0       0       0       0       0       0       0       0       0       0       0       0       0
      Locals:         0       2       0       0       0       0       0       0       0       0       0       0       0       0       0       0       0
      Temps:          0       2       0       0       0       0       0       0       0       0       0       0       0       0       0       0       0
      Totals:         0       4       0       0       0       0       0       0       0       0       0       0       0       0       0       0       0
Total ram usage:        4 bytes
 Hardware stack levels used:    1
 Hardware stack levels required when called:    5
 This function calls:
		___wmul
		_blink_LED_1
		_blink_LED_2
		_blink_LED_3
 This function is called by:
		_main
 This function uses a non-reentrant model


 *************** function _blink_LED_2 *****************
 Defined at:
		line 37 in file "register.c"
 Parameters:    Size  Location     Type
  index           2    6[BANK0 ] int 
 Auto vars:     Size  Location     Type
		None
 Return value:  Size  Location     Type
                  1    wreg      void 
 Registers used:
		wreg, status,2, status,0
 Tracked objects:
		On entry : 
		On exit  : 
		Unchanged: 
 Data sizes:     COMRAM   BANK0   BANK1   BANK2   BANK3   BANK4   BANK5   BANK6   BANK7   BANK8   BANK9  BANK10  BANK11  BANK12  BANK13  BANK14  BANK15
      Params:         0       2       0       0       0       0       0       0       0       0       0       0       0       0       0       0       0
      Locals:         0       0       0       0       0       0       0       0       0       0       0       0       0       0       0       0       0
      Temps:          0       2       0       0       0       0       0       0       0       0       0       0       0       0       0       0       0
      Totals:         0       4       0       0       0       0       0       0       0       0       0       0       0       0       0       0       0
Total ram usage:        4 bytes
 Hardware stack levels used:    1
 Hardware stack levels required when called:    4
 This function calls:
		Nothing
 This function is called by:
		_initial_register
		_dispatch
 This function uses a non-reentrant model


 *************** function _blink_LED_1 *****************
 Defined at:
		line 26 in file "register.c"
 Parameters:    Size  Location     Type
  index           2    6[BANK0 ] int 
 Auto vars:     Size  Location     Type
		None
 Return value:  Size  Location     Type
                  1    wreg      void 
 Registers used:
		wreg, status,2, status,0
 Tracked objects:
		On entry : 
		On exit  : 
		Unchanged: 
 Data sizes:     COMRAM   BANK0   BANK1   BANK2   BANK3   BANK4   BANK5   BANK6   BANK7   BANK8   BANK9  BANK10  BANK11  BANK12  BANK13  BANK14  BANK15
      Params:         0       2       0       0       0       0       0       0       0       0       0       0       0       0       0       0       0
      Locals:         0       0       0       0       0       0       0       0       0       0       0       0       0       0       0       0       0
      Temps:          0       2       0       0       0       0       0       0       0       0       0       0       0       0       0       0       0
      Totals:         0       4       0       0       0       0       0       0       0       0       0       0       0       0       0       0       0
Total ram usage:        4 bytes
 Hardware stack levels used:    1
 Hardware stack levels required when called:    4
 This function calls:
		Nothing
 This function is called by:
		_initial_register
		_dispatch
 This function uses a non-reentrant model


 *************** function _blink_LED_3 *****************
 Defined at:
		line 48 in file "register.c"
 Parameters:    Size  Location     Type
  index           2    6[BANK0 ] int 
 Auto vars:     Size  Location     Type
		None
 Return value:  Size  Location     Type
                  1    wreg      void 
 Registers used:
		wreg, status,2, status,0
 Tracked objects:
		On entry : 
		On exit  : 
		Unchanged: 
 Data sizes:     COMRAM   BANK0   BANK1   BANK2   BANK3   BANK4   BANK5   BANK6   BANK7   BANK8   BANK9  BANK10  BANK11  BANK12  BANK13  BANK14  BANK15
      Params:         0       2       0       0       0       0       0       0       0       0       0       0       0       0       0       0       0
      Locals:         0       0       0       0       0       0       0       0       0       0       0       0       0       0       0       0       0
      Temps:          0       2       0       0       0       0       0       0       0       0       0       0       0       0       0       0       0
      Totals:         0       4       0       0       0       0       0       0       0       0       0       0       0       0       0       0       0
Total ram usage:        4 bytes
 Hardware stack levels used:    1
 Hardware stack levels required when called:    4
 This function calls:
		Nothing
 This function is called by:
		_initial_register
		_dispatch
 This function uses a non-reentrant model


 *************** function ___wmul *****************
 Defined at:
		line 15 in file "C:\Program Files (x86)\Microchip\xc8\v2.10\pic\sources\c99\common\Umul16.c"
 Parameters:    Size  Location     Type
  multiplier      2    0[BANK0 ] unsigned int 
  multiplicand    2    2[BANK0 ] unsigned int 
 Auto vars:     Size  Location     Type
  product         2    4[BANK0 ] unsigned int 
 Return value:  Size  Location     Type
                  2    0[BANK0 ] unsigned int 
 Registers used:
		wreg, status,2, status,0, prodl, prodh
 Tracked objects:
		On entry : 
		On exit  : 
		Unchanged: 
 Data sizes:     COMRAM   BANK0   BANK1   BANK2   BANK3   BANK4   BANK5   BANK6   BANK7   BANK8   BANK9  BANK10  BANK11  BANK12  BANK13  BANK14  BANK15
      Params:         0       4       0       0       0       0       0       0       0       0       0       0       0       0       0       0       0
      Locals:         0       2       0       0       0       0       0       0       0       0       0       0       0       0       0       0       0
      Temps:          0       0       0       0       0       0       0       0       0       0       0       0       0       0       0       0       0
      Totals:         0       6       0       0       0       0       0       0       0       0       0       0       0       0       0       0       0
Total ram usage:        6 bytes
 Hardware stack levels used:    1
 Hardware stack levels required when called:    4
 This function calls:
		Nothing
 This function is called by:
		_register_timer
		_dispatch
		_remove_timer
 This function uses a non-reentrant model


 *************** function _main_interrupt *****************
 Defined at:
		line 15 in file "main.c"
 Parameters:    Size  Location     Type
		None
 Auto vars:     Size  Location     Type
  temp            2    0        int 
 Return value:  Size  Location     Type
                  1    wreg      void 
 Registers used:
		wreg, fsr1l, fsr1h, fsr2l, fsr2h, status,2, status,0, prodl, prodh, cstack
 Tracked objects:
		On entry : 
		On exit  : 
		Unchanged: 
 Data sizes:     COMRAM   BANK0   BANK1   BANK2   BANK3   BANK4   BANK5   BANK6   BANK7   BANK8   BANK9  BANK10  BANK11  BANK12  BANK13  BANK14  BANK15
      Params:         0       0       0       0       0       0       0       0       0       0       0       0       0       0       0       0       0
      Locals:         2       0       0       0       0       0       0       0       0       0       0       0       0       0       0       0       0
      Temps:          6       0       0       0       0       0       0       0       0       0       0       0       0       0       0       0       0
      Totals:         8       0       0       0       0       0       0       0       0       0       0       0       0       0       0       0       0
Total ram usage:        8 bytes
 Hardware stack levels used:    1
 Hardware stack levels required when called:    3
 This function calls:
		_timer_ISR
 This function is called by:
		Interrupt level 2
 This function uses a non-reentrant model


 *************** function _timer_ISR *****************
 Defined at:
		line 137 in file "driver.c"
 Parameters:    Size  Location     Type
		None
 Auto vars:     Size  Location     Type
  temp            2   56[COMRAM] int 
  i               2   58[COMRAM] int 
 Return value:  Size  Location     Type
                  2   46[COMRAM] int 
 Registers used:
		wreg, fsr1l, fsr1h, fsr2l, fsr2h, status,2, status,0, prodl, prodh, cstack
 Tracked objects:
		On entry : 
		On exit  : 
		Unchanged: 
 Data sizes:     COMRAM   BANK0   BANK1   BANK2   BANK3   BANK4   BANK5   BANK6   BANK7   BANK8   BANK9  BANK10  BANK11  BANK12  BANK13  BANK14  BANK15
      Params:         2       0       0       0       0       0       0       0       0       0       0       0       0       0       0       0       0
      Locals:         4       0       0       0       0       0       0       0       0       0       0       0       0       0       0       0       0
      Temps:          8       0       0       0       0       0       0       0       0       0       0       0       0       0       0       0       0
      Totals:        14       0       0       0       0       0       0       0       0       0       0       0       0       0       0       0       0
Total ram usage:       14 bytes
 Hardware stack levels used:    1
 Hardware stack levels required when called:    2
 This function calls:
		_add_tasks
		i2___wmul
 This function is called by:
		_main_interrupt
 This function uses a non-reentrant model


 *************** function _add_tasks *****************
 Defined at:
		line 159 in file "driver.c"
 Parameters:    Size  Location     Type
  id              2    6[COMRAM] int 
 Auto vars:     Size  Location     Type
  temp_delay      8   36[COMRAM] unsigned long long 
  temp_next       2   44[COMRAM] int 
 Return value:  Size  Location     Type
                  1    wreg      void 
 Registers used:
		wreg, fsr1l, fsr1h, fsr2l, fsr2h, status,2, status,0, prodl, prodh, cstack
 Tracked objects:
		On entry : 
		On exit  : 
		Unchanged: 
 Data sizes:     COMRAM   BANK0   BANK1   BANK2   BANK3   BANK4   BANK5   BANK6   BANK7   BANK8   BANK9  BANK10  BANK11  BANK12  BANK13  BANK14  BANK15
      Params:         2       0       0       0       0       0       0       0       0       0       0       0       0       0       0       0       0
      Locals:        14       0       0       0       0       0       0       0       0       0       0       0       0       0       0       0       0
      Temps:         24       0       0       0       0       0       0       0       0       0       0       0       0       0       0       0       0
      Totals:        40       0       0       0       0       0       0       0       0       0       0       0       0       0       0       0       0
Total ram usage:       40 bytes
 Hardware stack levels used:    1
 Hardware stack levels required when called:    1
 This function calls:
		i2___wmul
 This function is called by:
		_timer_ISR
 This function uses a non-reentrant model


 *************** function i2___wmul *****************
 Defined at:
		line 15 in file "C:\Program Files (x86)\Microchip\xc8\v2.10\pic\sources\c99\common\Umul16.c"
 Parameters:    Size  Location     Type
  multiplier      2    0[COMRAM] unsigned int 
  multiplicand    2    2[COMRAM] unsigned int 
 Auto vars:     Size  Location     Type
  __wmul          2    4[COMRAM] unsigned int 
 Return value:  Size  Location     Type
                  2    0[COMRAM] unsigned int 
 Registers used:
		wreg, status,2, status,0, prodl, prodh
 Tracked objects:
		On entry : 
		On exit  : 
		Unchanged: 
 Data sizes:     COMRAM   BANK0   BANK1   BANK2   BANK3   BANK4   BANK5   BANK6   BANK7   BANK8   BANK9  BANK10  BANK11  BANK12  BANK13  BANK14  BANK15
      Params:         4       0       0       0       0       0       0       0       0       0       0       0       0       0       0       0       0
      Locals:         2       0       0       0       0       0       0       0       0       0       0       0       0       0       0       0       0
      Temps:          0       0       0       0       0       0       0       0       0       0       0       0       0       0       0       0       0
      Totals:         6       0       0       0       0       0       0       0       0       0       0       0       0       0       0       0       0
Total ram usage:        6 bytes
 Hardware stack levels used:    1
 This function calls:
		Nothing
 This function is called by:
		_timer_ISR
		_add_tasks
 This function uses a non-reentrant model



MODULE INFORMATION

Module		Function		Class		Link	Load	Size
driver.c
		_add_tasks     		CODE           	088C	0000	1987
		_start_timer   		CODE           	16C2	0000	125
		_register_timer		CODE           	0012	0000	2171
		_timer_ISR     		CODE           	12CC	0000	339
		_dispatch      		CODE           	141E	0000	283

driver.c estimated size: 4905

register.c
		_blink_LED_1   		CODE           	1644	0000	127
		_blink_LED_2   		CODE           	1538	0000	135
		_blink_LED_3   		CODE           	15BE	0000	135
		_initial_register		CODE           	104E	0000	639

register.c estimated size: 1036

shared
		i2___wmul      		CODE           	182A	0000	39
		__initialization		CODE           	17AA	0000	37

shared estimated size: 76

C:\Program Files (x86)\Microchip\xc8\v2.10\pic\sources\c99\common\Umul16.c
		___wmul        		CODE           	1802	0000	41

C:\Program Files (x86)\Microchip\xc8\v2.10\pic\sources\c99\common\Umul16.c estimated size: 41

main.c
		_main          		CODE           	17D8	0000	43
		_main_interrupt		CODE           	0008	0000	115

main.c estimated size: 158

